Microchip MPLAB XC8 Compiler V1.12 ()

Linker command line:

--edf=C:\Program Files (x86)\Microchip\xc8\v1.12\dat\en_msgs.txt -cs \
  -h+dist/default/debug\dhtlib-demo-pic16.X.debug.sym -z -Q16F88 -ol.obj \
  -Mdist/default/debug/dhtlib-demo-pic16.X.debug.map -E1 -ver=XC8 \
  -ACONST=00h-0FFhx15 -ACODE=00h-07FFh,0800h-0EFFh -ASTRCODE=00h-0EFFh \
  -AENTRY=00h-0FFhx15 -ASTRING=00h-0FFhx15 -ACOMMON=071h-07Fh \
  -ABANK0=020h-06Fh -ABANK1=0A0h-0EFh -ABANK2=0110h-016Fh \
  -ABANK3=0190h-01E6h -ARAM=020h-06Fh,0A0h-0EFh,0110h-016Fh,0190h-01E6h \
  -AABS1=020h-07Fh,0A0h-0EFh,0110h-016Fh,0190h-01EFh -ASFR0=00h-01Fh \
  -ASFR1=080h-09Fh -ASFR2=0100h-010Fh -ASFR3=0180h-018Fh \
  -preset_vec=00h,intentry=04h,init,end_init -ppowerup=CODE -pfunctab=CODE \
  -ACONFIG=02007h-02008h -pconfig=CONFIG -DCONFIG=2 -AIDLOC=02000h-02003h \
  -pidloc=IDLOC -DIDLOC=2 -AEEDATA=00h-0FFh/02100h -peeprom_data=EEDATA \
  -DEEDATA=2 -DCODE=2 -DSTRCODE=2 -DSTRING=2 -DCONST=2 -DENTRY=2 -k \
  C:\Users\Ruben\AppData\Local\Temp\safk.obj \
  dist/default/debug\dhtlib-demo-pic16.X.debug.obj 

Object code version is 3.10

Machine type is 16F88



                Name                               Link     Load   Length Selector   Space Scale
C:\Users\Ruben\AppData\Local\Temp\safk.obj
                end_init                             11       11        2        8       0
                reset_vec                             0        0        3        0       0
                config                             2007     2007        2     400E       0
dist/default/debug\dhtlib-demo-pic16.X.debug.obj
                intentry                              4        4        D        8       0
                text890                             EE9      EE9       17     1DD2       0
                text889                             E8F      E8F       10     1D1E       0
                text888                             5D9      5D9       45      9E2       0
                text887                             4F1      4F1       4F      9E2       0
                text886                             705      705       30      9E2       0
                text885                             EC0      EC0       14     1D80       0
                text884                             7FF      7FF        1      9E2       0
                text883                             58D      58D       4C      9E2       0
                text882                             61E      61E       43      9E2       0
                text881                             661      661       3B      9E2       0
                text880                             783      783       25      9E2       0
                text879                             7A8      7A8       21      9E2       0
                text878                             7C9      7C9       1D      9E2       0
                text877                             330      330       CF        8       0
                text876                              13       13      247        8       0
                text875                             69C      69C       36      9E2       0
                text874                             735      735       28      9E2       0
                text873                             ED4      ED4       15     1DA8       0
                text872                             75D      75D       26      9E2       0
                text871                             3FF      3FF       96        8       0
                text870                             540      540       4D      9E2       0
                text869                             EAF      EAF       11     1D5E       0
                text868                             E83      E83        4     1D06       0
                text867                             E9F      E9F       10     1D3E       0
                text866                             25A      25A       D6        8       0
                maintext                            6D2      6D2       33      9E2       0
                cstackBANK0                          20       20       26       20       1
                cstackCOMMON                         71       71        8       71       1
                clrtext                             E87      E87        8     1D0E       0
                bssBANK1                             A0       A0       14       A0       1
                dataBANK0                            5D       5D        2       20       1
                bssBANK0                             46       46       17       20       1
                bssCOMMON                            79       79        1       71       1
                cinit                               7E6      7E6       19      9E2       0
                nvBANK0                              5F       5F        1       20       1
                strings                             495      495       5C      92A       0
                idataBANK0                          E81      E81        2     1D02       0

TOTAL           Name                               Link     Load   Length     Space
        CLASS   CONST          

        CLASS   CODE           
                end_init                             11       11        2         0
                intentry                              4        4        D         0
                reset_vec                             0        0        3         0
                text890                             EE9      EE9       17         0
                text889                             E8F      E8F       10         0
                text888                             5D9      5D9       45         0
                text887                             4F1      4F1       4F         0
                text886                             705      705       30         0
                text885                             EC0      EC0       14         0
                text884                             7FF      7FF        1         0
                text883                             58D      58D       4C         0
                text882                             61E      61E       43         0
                text881                             661      661       3B         0
                text880                             783      783       25         0
                text879                             7A8      7A8       21         0
                text878                             7C9      7C9       1D         0
                text877                             330      330       CF         0
                text876                              13       13      247         0
                text875                             69C      69C       36         0
                text874                             735      735       28         0
                text873                             ED4      ED4       15         0
                text872                             75D      75D       26         0
                text871                             3FF      3FF       96         0
                text870                             540      540       4D         0
                text869                             EAF      EAF       11         0
                text868                             E83      E83        4         0
                text867                             E9F      E9F       10         0
                text866                             25A      25A       D6         0
                maintext                            6D2      6D2       33         0
                clrtext                             E87      E87        8         0
                cinit                               7E6      7E6       19         0
                idataBANK0                          E81      E81        2         0

        CLASS   STRCODE        

        CLASS   ENTRY          

        CLASS   STRING         
                strings                             495      495       5C         0

        CLASS   COMMON         
                cstackCOMMON                         71       71        8         1
                bssCOMMON                            79       79        1         1

        CLASS   BANK0          
                cstackBANK0                          20       20       26         1
                dataBANK0                            5D       5D        2         1
                bssBANK0                             46       46       17         1
                nvBANK0                              5F       5F        1         1

        CLASS   BANK1          
                bssBANK1                             A0       A0       14         1

        CLASS   BANK2          

        CLASS   BANK3          

        CLASS   RAM            

        CLASS   ABS1           
                abs_s1                               7E       7E        2         1

        CLASS   SFR0           

        CLASS   SFR1           

        CLASS   SFR2           

        CLASS   SFR3           

        CLASS   CONFIG         
                config                             2007     2007        2         0

        CLASS   IDLOC          

        CLASS   EEDATA         



SEGMENTS        Name                           Load    Length   Top    Selector   Space  Class     Delta

                reset_vec                      000000  000003  000003         0       0  CODE        2
                intentry                       000004  000491  000495         8       0  CODE        2
                cstackBANK0                    000020  000040  000060        20       1  BANK0       1
                cstackCOMMON                   000071  000009  00007A        71       1  COMMON      1
                bssBANK1                       0000A0  000014  0000B4        A0       1  BANK1       1
                strings                        000495  00005C  0004F1       92A       0  STRING      2
                text887                        0004F1  00030F  000800       9E2       0  CODE        2
                idataBANK0                     000E81  000002  000E83      1D02       0  CODE        2
                text868                        000E83  000004  000E87      1D06       0  CODE        2
                clrtext                        000E87  000008  000E8F      1D0E       0  CODE        2
                text889                        000E8F  000010  000E9F      1D1E       0  CODE        2
                text867                        000E9F  000010  000EAF      1D3E       0  CODE        2
                text869                        000EAF  000011  000EC0      1D5E       0  CODE        2
                text885                        000EC0  000014  000ED4      1D80       0  CODE        2
                text873                        000ED4  000015  000EE9      1DA8       0  CODE        2
                text890                        000EE9  000017  000F00      1DD2       0  CODE        2
                config                         002007  000002  002009      400E       0  CONFIG      2


UNUSED ADDRESS RANGES

        Name                Unused          Largest block    Delta
        BANK0            0060-006F             10           1
        BANK1            00B4-00EF             3C           1
        BANK2            0110-016F             60           1
        BANK3            0190-01E6             57           1
        CODE             0003-0003              1           2
                         0800-0E80            681
        COMMON           007A-007D              4           1
        CONST            0003-0003              1           2
                         0800-0E80            100
        EEDATA           2100-21FF            100           2
        ENTRY            0003-0003              1           2
                         0800-0E80            100
        IDLOC            2000-2003              4           2
        RAM              0060-006F             10           1
                         00B4-00EF             3C
                         0110-016F             60
                         0190-01E6             57
        SFR0             0000-001F             20           1
        SFR1             0080-009F             20           1
        SFR2             0100-010F             10           1
        SFR3             0180-018F             10           1
        STRCODE          0003-0003              1           2
                         0800-0E80            681
        STRING           0003-0003              1           2
                         0800-0E80            100

                                  Symbol Table

?___lwdiv                    cstackCOMMON 0075
?___lwmod                    cstackBANK0  0024
?___wmul                     cstackCOMMON 0075
?_dhtlib_read11              cstackBANK0  0024
?_lcd_goto                   cstackBANK0  0025
?_lcd_init                   cstackBANK0  0025
?_lcd_ioset                  cstackCOMMON 0075
?_lcd_puts                   cstackBANK0  0025
?_lcd_send                   cstackBANK0  0022
?_sprintf                    cstackBANK0  002A
?_tick_get                   cstackBANK0  0020
_ANSEL                       (abs)        009B
_GIE                         (abs)        005F
_INTCONbits                  (abs)        000B
_OSCCON                      (abs)        008F
_PIE1bits                    (abs)        008C
_PIR1bits                    (abs)        000C
_PORTA                       (abs)        0005
_PORTAbits                   (abs)        0005
_PORTBbits                   (abs)        0006
_T1CON                       (abs)        0010
_TMR1H                       (abs)        000F
_TMR1L                       (abs)        000E
_TRISA                       (abs)        0085
_TRISAbits                   (abs)        0085
_TRISB                       (abs)        0086
_TRISBbits                   (abs)        0086
__CFG_BOREN$OFF              (abs)        0000
__CFG_CCPMX$RB0              (abs)        0000
__CFG_CP$OFF                 (abs)        0000
__CFG_CPD$OFF                (abs)        0000
__CFG_FCMEN$OFF              (abs)        0000
__CFG_FOSC$INTOSCIO          (abs)        0000
__CFG_IESO$OFF               (abs)        0000
__CFG_LVP$OFF                (abs)        0000
__CFG_MCLRE$ON               (abs)        0000
__CFG_PWRTE$OFF              (abs)        0000
__CFG_WDTE$OFF               (abs)        0000
__CFG_WRT$OFF                (abs)        0000
__Habs1                      abs1         0000
__Hbank0                     bank0        0000
__Hbank1                     bank1        0000
__Hbank2                     bank2        0000
__Hbank3                     bank3        0000
__HbssBANK0                  bssBANK0     0000
__HbssBANK1                  bssBANK1     0000
__HbssCOMMON                 bssCOMMON    0000
__Hcinit                     cinit        0000
__Hclrtext                   clrtext      0000
__Hcode                      code         0000
__Hcommon                    common       0000
__Hconfig                    config       2009
__HcstackBANK0               cstackBANK0  0000
__HcstackCOMMON              cstackCOMMON 0000
__HdataBANK0                 dataBANK0    0000
__Heeprom_data               eeprom_data  0000
__Hend_init                  end_init     0013
__Hfunctab                   functab      0000
__HidataBANK0                idataBANK0   0000
__Hidloc                     idloc        0000
__Hinit                      init         0011
__Hintentry                  intentry     0011
__Hmaintext                  maintext     0000
__HnvBANK0                   nvBANK0      0000
__Hpowerup                   powerup      0000
__Hram                       ram          0000
__Hreset_vec                 reset_vec    0003
__Hsfr0                      sfr0         0000
__Hsfr1                      sfr1         0000
__Hsfr2                      sfr2         0000
__Hsfr3                      sfr3         0000
__Hstrings                   strings      0000
__Htext                      text         0000
__Labs1                      abs1         0000
__Lbank0                     bank0        0000
__Lbank1                     bank1        0000
__Lbank2                     bank2        0000
__Lbank3                     bank3        0000
__LbssBANK0                  bssBANK0     0000
__LbssBANK1                  bssBANK1     0000
__LbssCOMMON                 bssCOMMON    0000
__Lcinit                     cinit        0000
__Lclrtext                   clrtext      0000
__Lcode                      code         0000
__Lcommon                    common       0000
__Lconfig                    config       2007
__LcstackBANK0               cstackBANK0  0000
__LcstackCOMMON              cstackCOMMON 0000
__LdataBANK0                 dataBANK0    0000
__Leeprom_data               eeprom_data  0000
__Lend_init                  end_init     0011
__Lfunctab                   functab      0000
__LidataBANK0                idataBANK0   0000
__Lidloc                     idloc        0000
__Linit                      init         0011
__Lintentry                  intentry     0004
__Lmaintext                  maintext     0000
__LnvBANK0                   nvBANK0      0000
__Lpowerup                   powerup      0000
__Lram                       ram          0000
__Lreset_vec                 reset_vec    0000
__Lsfr0                      sfr0         0000
__Lsfr1                      sfr1         0000
__Lsfr2                      sfr2         0000
__Lsfr3                      sfr3         0000
__Lstrings                   strings      0000
__Ltext                      text         0000
__S0                         (abs)        2009
__S1                         (abs)        00B4
__S2                         (abs)        0000
___lwdiv                     text887      04F1
___lwdiv@counter             cstackBANK0  0021
___lwdiv@dividend            cstackCOMMON 0077
___lwdiv@divisor             cstackCOMMON 0075
___lwdiv@quotient            cstackBANK0  0022
___lwmod                     text888      05D9
___lwmod@counter             cstackBANK0  0029
___lwmod@dividend            cstackBANK0  0026
___lwmod@divisor             cstackBANK0  0024
___wmul                      text886      0705
___wmul@multiplicand         cstackCOMMON 0077
___wmul@multiplier           cstackCOMMON 0075
___wmul@product              cstackBANK0  0020
__end_of___lwdiv             text887      0540
__end_of___lwmod             text888      061E
__end_of___wmul              text886      0735
__end_of__initialization     cinit        07FC
__end_of__stringdata         strings      04F1
__end_of__stringtab          strings      04A5
__end_of_dht11_task          text871      0495
__end_of_dhtlib_init         text868      0E87
__end_of_dhtlib_read         text877      03FF
__end_of_dhtlib_read11       text875      06D2
__end_of_dhtlib_start        text878      07E6
__end_of_dpowers             strings      04AF
__end_of_isdigit             text885      0ED4
__end_of_isr                 text889      0E9F
__end_of_lcd_goto            text874      075D
__end_of_lcd_init            text866      0330
__end_of_lcd_ioinit          text880      07A8
__end_of_lcd_ioset           text883      05D9
__end_of_lcd_iowrite4        text882      0661
__end_of_lcd_iowrite8        text884      0800
__end_of_lcd_on              text869      0EC0
__end_of_lcd_puts            text872      0783
__end_of_lcd_send            text881      069C
__end_of_led_task            text870      058D
__end_of_main                maintext     0705
__end_of_rowaddr             strings      04B3
__end_of_sprintf             text876      025A
__end_of_tick_get            text873      0EE9
__end_of_tick_init           text867      0EAF
__end_of_tick_read_internal  text879      07C9
__end_of_tick_update         text890      0F00
__initialization             cinit        07E6
__pbssBANK0                  bssBANK0     0046
__pbssBANK1                  bssBANK1     00A0
__pbssCOMMON                 bssCOMMON    0079
__pcstackBANK0               cstackBANK0  0020
__pcstackCOMMON              cstackCOMMON 0071
__pdataBANK0                 dataBANK0    005D
__pidataBANK0                idataBANK0   0E81
__pintentry                  intentry     0004
__pmaintext                  maintext     06D2
__pnvBANK0                   nvBANK0      005F
__pstrings                   strings      0495
__ptext866                   text866      025A
__ptext867                   text867      0E9F
__ptext868                   text868      0E83
__ptext869                   text869      0EAF
__ptext870                   text870      0540
__ptext871                   text871      03FF
__ptext872                   text872      075D
__ptext873                   text873      0ED4
__ptext874                   text874      0735
__ptext875                   text875      069C
__ptext876                   text876      0013
__ptext877                   text877      0330
__ptext878                   text878      07C9
__ptext879                   text879      07A8
__ptext880                   text880      0783
__ptext881                   text881      0661
__ptext882                   text882      061E
__ptext883                   text883      058D
__ptext884                   text884      07FF
__ptext885                   text885      0EC0
__ptext886                   text886      0705
__ptext887                   text887      04F1
__ptext888                   text888      05D9
__ptext889                   text889      0E8F
__ptext890                   text890      0EE9
__ptext891                   text891      0000
__size_of___lwdiv            (abs)        0000
__size_of___lwmod            (abs)        0000
__size_of___wmul             (abs)        0000
__size_of_dht11_task         (abs)        0000
__size_of_dhtlib_init        (abs)        0000
__size_of_dhtlib_read        (abs)        0000
__size_of_dhtlib_read11      (abs)        0000
__size_of_dhtlib_start       (abs)        0000
__size_of_isdigit            (abs)        0000
__size_of_isr                (abs)        0000
__size_of_lcd_goto           (abs)        0000
__size_of_lcd_init           (abs)        0000
__size_of_lcd_ioinit         (abs)        0000
__size_of_lcd_ioset          (abs)        0000
__size_of_lcd_iowrite4       (abs)        0000
__size_of_lcd_iowrite8       (abs)        0000
__size_of_lcd_on             (abs)        0000
__size_of_lcd_puts           (abs)        0000
__size_of_lcd_send           (abs)        0000
__size_of_led_task           (abs)        0000
__size_of_main               (abs)        0000
__size_of_sprintf            (abs)        0000
__size_of_tick_get           (abs)        0000
__size_of_tick_init          (abs)        0000
__size_of_tick_read_internal (abs)        0000
__size_of_tick_update        (abs)        0000
__stringdata                 strings      04B3
__stringtab                  strings      0495
_bits                        bssBANK0     004C
_buf                         bssBANK1     00A0
_dht11_task                  text871      03FF
_dhtlib_init                 text868      0E83
_dhtlib_read                 text877      0330
_dhtlib_read11               text875      069C
_dhtlib_start                text878      07C9
_dispctrl                    bssCOMMON    0079
_dpowers                     strings      04A5
_iomode                      nvBANK0      005F
_isdigit                     text885      0EC0
_isdigit$587                 cstackCOMMON 0075
_isr                         text889      0E8F
_lcd_goto                    text874      0735
_lcd_init                    text866      025A
_lcd_ioinit                  text880      0783
_lcd_ioset                   text883      058D
_lcd_iowrite4                text882      061E
_lcd_iowrite8                text884      07FF
_lcd_on                      text869      0EAF
_lcd_puts                    text872      075D
_lcd_send                    text881      0661
_lcdcolumns                  dataBANK0    005D
_lcdrows                     dataBANK0    005E
_led_task                    text870      0540
_main                        maintext     06D2
_rowaddr                     strings      04AF
_sprintf                     text876      0013
_tick_get                    text873      0ED4
_tick_init                   text867      0E9F
_tick_read_internal          text879      07A8
_tick_update                 text890      0EE9
_tickbuffer                  bssBANK0     0046
_tickcnt                     bssBANK0     0051
btemp                        (abs)        007E
clear_ram                    clrtext      0E87
dht11_task@eResult           cstackBANK0  0041
dht11_task@hb                cstackBANK0  0043
dht11_task@ltick             bssBANK0     0055
dht11_task@tb                cstackBANK0  0042
dhtlib_read11@chksum         cstackBANK0  0029
dhtlib_read11@hum            cstackBANK0  0024
dhtlib_read11@s              cstackBANK0  002A
dhtlib_read11@temp           cstackBANK0  0028
dhtlib_read@aindex           cstackBANK0  0020
dhtlib_read@bcount           cstackBANK0  0021
dhtlib_read@i                cstackBANK0  0023
dhtlib_read@tocounter        cstackBANK0  0022
end_of_initialization        cinit        07FC
interrupt_function           intentry     0004
intlevel0                    functab      0000
intlevel1                    functab      0000
intlevel2                    functab      0000
intlevel3                    functab      0000
intlevel4                    functab      0000
intlevel5                    functab      0000
isdigit@c                    cstackCOMMON 0076
lcd_goto@col                 cstackBANK0  0027
lcd_goto@row                 cstackBANK0  0025
lcd_init@cols                cstackBANK0  0025
lcd_init@iodata              cstackBANK0  0029
lcd_init@rows                cstackBANK0  0026
lcd_ioinit@i                 cstackCOMMON 0078
lcd_ioset@out                cstackCOMMON 0075
lcd_ioset@pin                cstackCOMMON 0076
lcd_iowrite4@data            cstackBANK0  0020
lcd_iowrite4@i               cstackBANK0  0021
lcd_puts@string              cstackBANK0  0025
lcd_send@data                cstackBANK0  0024
lcd_send@rs                  cstackBANK0  0022
led_task@ltime               bssBANK0     0059
reset_vec                    reset_vec    0000
saved_w                      (abs)        007E
sprintf@_val                 cstackBANK0  0038
sprintf@ap                   cstackBANK0  0032
sprintf@c                    cstackBANK0  003B
sprintf@f                    cstackBANK0  002A
sprintf@flag                 cstackBANK0  0034
sprintf@prec                 cstackBANK0  0033
sprintf@sp                   cstackBANK0  0035
sprintf@width                cstackBANK0  0036
start                        init         0011
start_initialization         cinit        07E6
wtemp0                       (abs)        007E


FUNCTION INFORMATION:

 *************** function _main *****************
 Defined at:
		line 40 in file "main.c"
 Parameters:    Size  Location     Type
		None
 Auto vars:     Size  Location     Type
		None
 Return value:  Size  Location     Type
		None               void
 Registers used:
		wreg, fsr0l, fsr0h, fsr1l, fsr1h, status,2, status,0, btemp+1, pclath, cstack
 Tracked objects:
		On entry : 
		On exit  : 
		Unchanged: 
 Data sizes:     COMMON   BANK0   BANK1   BANK3   BANK2
      Params:         0       0       0       0       0
      Locals:         0       0       0       0       0
      Temps:          0       2       0       0       0
      Totals:         0       2       0       0       0
Total ram usage:        2 bytes
 Hardware stack levels required when called:    7
 This function calls:
		_lcd_init
		_tick_init
		_dhtlib_init
		_lcd_on
		_lcd_puts
		_led_task
		_dht11_task
 This function is called by:
		Startup code after reset
 This function uses a non-reentrant model


 *************** function _lcd_init *****************
 Defined at:
		line 32 in file "../LCD/LCD.c"
 Parameters:    Size  Location     Type
  iodata          1    wreg     PTR void 
		 -> NULL(0), 
  cols            1    5[BANK0 ] unsigned char 
  rows            1    6[BANK0 ] unsigned char 
 Auto vars:     Size  Location     Type
  iodata          1    9[BANK0 ] PTR void 
		 -> NULL(0), 
 Return value:  Size  Location     Type
                  1    wreg      unsigned char 
 Registers used:
		wreg, fsr0l, fsr0h, status,2, status,0, pclath, cstack
 Tracked objects:
		On entry : 
		On exit  : 
		Unchanged: 
 Data sizes:     COMMON   BANK0   BANK1   BANK3   BANK2
      Params:         0       2       0       0       0
      Locals:         0       1       0       0       0
      Temps:          0       2       0       0       0
      Totals:         0       5       0       0       0
Total ram usage:        5 bytes
 Hardware stack levels used:    1
 Hardware stack levels required when called:    5
 This function calls:
		_lcd_ioinit
		_lcd_iowrite4
		_lcd_send
 This function is called by:
		_main
 This function uses a non-reentrant model


 *************** function _tick_init *****************
 Defined at:
		line 28 in file "../Tick/Tick-PIC16.c"
 Parameters:    Size  Location     Type
		None
 Auto vars:     Size  Location     Type
		None
 Return value:  Size  Location     Type
		None               void
 Registers used:
		wreg, status,2
 Tracked objects:
		On entry : 
		On exit  : 
		Unchanged: 
 Data sizes:     COMMON   BANK0   BANK1   BANK3   BANK2
      Params:         0       0       0       0       0
      Locals:         0       0       0       0       0
      Temps:          0       0       0       0       0
      Totals:         0       0       0       0       0
Total ram usage:        0 bytes
 Hardware stack levels used:    1
 Hardware stack levels required when called:    2
 This function calls:
		Nothing
 This function is called by:
		_main
 This function uses a non-reentrant model


 *************** function _dhtlib_init *****************
 Defined at:
		line 35 in file "../DHTLib.c"
 Parameters:    Size  Location     Type
		None
 Auto vars:     Size  Location     Type
		None
 Return value:  Size  Location     Type
		None               void
 Registers used:
		None
 Tracked objects:
		On entry : 
		On exit  : 
		Unchanged: 
 Data sizes:     COMMON   BANK0   BANK1   BANK3   BANK2
      Params:         0       0       0       0       0
      Locals:         0       0       0       0       0
      Temps:          0       0       0       0       0
      Totals:         0       0       0       0       0
Total ram usage:        0 bytes
 Hardware stack levels used:    1
 Hardware stack levels required when called:    2
 This function calls:
		Nothing
 This function is called by:
		_main
 This function uses a non-reentrant model


 *************** function _lcd_on *****************
 Defined at:
		line 90 in file "../LCD/LCD.c"
 Parameters:    Size  Location     Type
		None
 Auto vars:     Size  Location     Type
		None
 Return value:  Size  Location     Type
		None               void
 Registers used:
		wreg, fsr0l, fsr0h, status,2, status,0, pclath, cstack
 Tracked objects:
		On entry : 
		On exit  : 
		Unchanged: 
 Data sizes:     COMMON   BANK0   BANK1   BANK3   BANK2
      Params:         0       0       0       0       0
      Locals:         0       0       0       0       0
      Temps:          0       1       0       0       0
      Totals:         0       1       0       0       0
Total ram usage:        1 bytes
 Hardware stack levels used:    1
 Hardware stack levels required when called:    5
 This function calls:
		_lcd_send
 This function is called by:
		_main
 This function uses a non-reentrant model


 *************** function _led_task *****************
 Defined at:
		line 96 in file "main.c"
 Parameters:    Size  Location     Type
		None
 Auto vars:     Size  Location     Type
		None
 Return value:  Size  Location     Type
		None               void
 Registers used:
		wreg, fsr0l, fsr0h, status,2, status,0, pclath, cstack
 Tracked objects:
		On entry : 
		On exit  : 
		Unchanged: 
 Data sizes:     COMMON   BANK0   BANK1   BANK3   BANK2
      Params:         0       0       0       0       0
      Locals:         0       0       0       0       0
      Temps:          0       4       0       0       0
      Totals:         0       4       0       0       0
Total ram usage:        4 bytes
 Hardware stack levels used:    1
 Hardware stack levels required when called:    4
 This function calls:
		_tick_get
 This function is called by:
		_main
 This function uses a non-reentrant model


 *************** function _dht11_task *****************
 Defined at:
		line 69 in file "main.c"
 Parameters:    Size  Location     Type
		None
 Auto vars:     Size  Location     Type
  eResult         1   33[BANK0 ] enum E1128
  hb              1   35[BANK0 ] unsigned char 
  tb              1   34[BANK0 ] unsigned char 
 Return value:  Size  Location     Type
		None               void
 Registers used:
		wreg, fsr0l, fsr0h, fsr1l, fsr1h, status,2, status,0, btemp+1, pclath, cstack
 Tracked objects:
		On entry : 
		On exit  : 
		Unchanged: 
 Data sizes:     COMMON   BANK0   BANK1   BANK3   BANK2
      Params:         0       0       0       0       0
      Locals:         0       3       0       0       0
      Temps:          0       5       0       0       0
      Totals:         0       8       0       0       0
Total ram usage:        8 bytes
 Hardware stack levels used:    1
 Hardware stack levels required when called:    6
 This function calls:
		_tick_get
		_lcd_goto
		_dhtlib_read11
		_sprintf
		_lcd_puts
 This function is called by:
		_main
 This function uses a non-reentrant model


 *************** function _lcd_puts *****************
 Defined at:
		line 177 in file "../LCD/LCD.c"
 Parameters:    Size  Location     Type
  string          2    5[BANK0 ] PTR const unsigned char 
		 -> buf(20), STR_1(17), 
 Auto vars:     Size  Location     Type
		None
 Return value:  Size  Location     Type
		None               void
 Registers used:
		wreg, fsr0l, fsr0h, status,2, status,0, btemp+1, pclath, cstack
 Tracked objects:
		On entry : 
		On exit  : 
		Unchanged: 
 Data sizes:     COMMON   BANK0   BANK1   BANK3   BANK2
      Params:         0       2       0       0       0
      Locals:         0       0       0       0       0
      Temps:          0       0       0       0       0
      Totals:         0       2       0       0       0
Total ram usage:        2 bytes
 Hardware stack levels used:    1
 Hardware stack levels required when called:    5
 This function calls:
		_lcd_send
 This function is called by:
		_main
		_dht11_task
 This function uses a non-reentrant model


 *************** function _tick_get *****************
 Defined at:
		line 42 in file "../Tick/Tick-PIC16.c"
 Parameters:    Size  Location     Type
		None
 Auto vars:     Size  Location     Type
		None
 Return value:  Size  Location     Type
                  4    0[BANK0 ] unsigned long 
 Registers used:
		wreg, fsr0l, fsr0h, status,2, status,0, pclath, cstack
 Tracked objects:
		On entry : 
		On exit  : 
		Unchanged: 
 Data sizes:     COMMON   BANK0   BANK1   BANK3   BANK2
      Params:         0       4       0       0       0
      Locals:         0       0       0       0       0
      Temps:          0       0       0       0       0
      Totals:         0       4       0       0       0
Total ram usage:        4 bytes
 Hardware stack levels used:    1
 Hardware stack levels required when called:    3
 This function calls:
		_tick_read_internal
 This function is called by:
		_dht11_task
		_led_task
 This function uses a non-reentrant model


 *************** function _lcd_goto *****************
 Defined at:
		line 148 in file "../LCD/LCD.c"
 Parameters:    Size  Location     Type
  col             1    wreg     unsigned char 
  row             1    5[BANK0 ] unsigned char 
 Auto vars:     Size  Location     Type
  col             1    7[BANK0 ] unsigned char 
 Return value:  Size  Location     Type
		None               void
 Registers used:
		wreg, fsr0l, fsr0h, status,2, status,0, pclath, cstack
 Tracked objects:
		On entry : 
		On exit  : 
		Unchanged: 
 Data sizes:     COMMON   BANK0   BANK1   BANK3   BANK2
      Params:         0       1       0       0       0
      Locals:         0       1       0       0       0
      Temps:          0       1       0       0       0
      Totals:         0       3       0       0       0
Total ram usage:        3 bytes
 Hardware stack levels used:    1
 Hardware stack levels required when called:    5
 This function calls:
		_lcd_send
 This function is called by:
		_dht11_task
 This function uses a non-reentrant model


 *************** function _dhtlib_read11 *****************
 Defined at:
		line 115 in file "../DHTLib.c"
 Parameters:    Size  Location     Type
  temp            1    wreg     PTR unsigned char 
		 -> dht11_task@tb(1), 
  hum             1    4[BANK0 ] PTR unsigned char 
		 -> dht11_task@hb(1), 
 Auto vars:     Size  Location     Type
  temp            1    8[BANK0 ] PTR unsigned char 
		 -> dht11_task@tb(1), 
  s               1   10[BANK0 ] enum E1000
  chksum          1    9[BANK0 ] unsigned char 
 Return value:  Size  Location     Type
                  1    wreg      enum E1128
 Registers used:
		wreg, fsr0l, fsr0h, status,2, status,0, pclath, cstack
 Tracked objects:
		On entry : 
		On exit  : 
		Unchanged: 
 Data sizes:     COMMON   BANK0   BANK1   BANK3   BANK2
      Params:         0       1       0       0       0
      Locals:         0       3       0       0       0
      Temps:          0       3       0       0       0
      Totals:         0       7       0       0       0
Total ram usage:        7 bytes
 Hardware stack levels used:    1
 Hardware stack levels required when called:    4
 This function calls:
		_dhtlib_read
 This function is called by:
		_dht11_task
 This function uses a non-reentrant model


 *************** function _sprintf *****************
 Defined at:
		line 493 in file "C:\Program Files (x86)\Microchip\xc8\v1.12\sources\doprnt.c"
 Parameters:    Size  Location     Type
  sp              1    wreg     PTR unsigned char 
		 -> buf(20), 
  f               1   10[BANK0 ] PTR const unsigned char 
		 -> STR_3(23), STR_2(22), 
 Auto vars:     Size  Location     Type
  sp              1   21[BANK0 ] PTR unsigned char 
		 -> buf(20), 
  _val            3   24[BANK0 ] struct .
  width           2   22[BANK0 ] int 
  c               1   27[BANK0 ] char 
  flag            1   20[BANK0 ] unsigned char 
  prec            1   19[BANK0 ] char 
  ap              1   18[BANK0 ] PTR void [1]
		 -> ?_sprintf(2), 
 Return value:  Size  Location     Type
                  2   10[BANK0 ] int 
 Registers used:
		wreg, fsr0l, fsr0h, status,2, status,0, btemp+1, pclath, cstack
 Tracked objects:
		On entry : 
		On exit  : 
		Unchanged: 
 Data sizes:     COMMON   BANK0   BANK1   BANK3   BANK2
      Params:         0       5       0       0       0
      Locals:         0      10       0       0       0
      Temps:          0       3       0       0       0
      Totals:         0      18       0       0       0
Total ram usage:       18 bytes
 Hardware stack levels used:    1
 Hardware stack levels required when called:    3
 This function calls:
		_isdigit
		___wmul
		___lwdiv
		___lwmod
 This function is called by:
		_dht11_task
 This function uses a non-reentrant model


 *************** function _dhtlib_read *****************
 Defined at:
		line 41 in file "../DHTLib.c"
 Parameters:    Size  Location     Type
		None
 Auto vars:     Size  Location     Type
  i               1    3[BANK0 ] unsigned char 
  tocounter       1    2[BANK0 ] unsigned char 
  bcount          1    1[BANK0 ] unsigned char 
  aindex          1    0[BANK0 ] unsigned char 
 Return value:  Size  Location     Type
                  1    wreg      enum E1000
 Registers used:
		wreg, fsr0l, fsr0h, status,2, status,0, pclath, cstack
 Tracked objects:
		On entry : 
		On exit  : 
		Unchanged: 
 Data sizes:     COMMON   BANK0   BANK1   BANK3   BANK2
      Params:         0       0       0       0       0
      Locals:         0       4       0       0       0
      Temps:          2       0       0       0       0
      Totals:         2       4       0       0       0
Total ram usage:        6 bytes
 Hardware stack levels used:    1
 Hardware stack levels required when called:    3
 This function calls:
		_dhtlib_start
 This function is called by:
		_dhtlib_read11
		_dhtlib_read22
		_dhtlib_float22
 This function uses a non-reentrant model


 *************** function _dhtlib_start *****************
 Defined at:
		line 180 in file "../DHTLib.c"
 Parameters:    Size  Location     Type
		None
 Auto vars:     Size  Location     Type
		None
 Return value:  Size  Location     Type
		None               void
 Registers used:
		wreg
 Tracked objects:
		On entry : 
		On exit  : 
		Unchanged: 
 Data sizes:     COMMON   BANK0   BANK1   BANK3   BANK2
      Params:         0       0       0       0       0
      Locals:         0       0       0       0       0
      Temps:          2       0       0       0       0
      Totals:         2       0       0       0       0
Total ram usage:        2 bytes
 Hardware stack levels used:    1
 Hardware stack levels required when called:    2
 This function calls:
		Nothing
 This function is called by:
		_dhtlib_read
 This function uses a non-reentrant model


 *************** function _tick_read_internal *****************
 Defined at:
		line 56 in file "../Tick/Tick-PIC16.c"
 Parameters:    Size  Location     Type
		None
 Auto vars:     Size  Location     Type
		None
 Return value:  Size  Location     Type
		None               void
 Registers used:
		wreg
 Tracked objects:
		On entry : 
		On exit  : 
		Unchanged: 
 Data sizes:     COMMON   BANK0   BANK1   BANK3   BANK2
      Params:         0       0       0       0       0
      Locals:         0       0       0       0       0
      Temps:          1       0       0       0       0
      Totals:         1       0       0       0       0
Total ram usage:        1 bytes
 Hardware stack levels used:    1
 Hardware stack levels required when called:    2
 This function calls:
		Nothing
 This function is called by:
		_tick_get
 This function uses a non-reentrant model


 *************** function _lcd_ioinit *****************
 Defined at:
		line 46 in file "../LCD/LCD-PIC16.c"
 Parameters:    Size  Location     Type
  iodata          1    wreg     PTR void 
		 -> NULL(0), 
 Auto vars:     Size  Location     Type
  iodata          1    0[COMMON] PTR void 
		 -> NULL(0), 
  i               1    7[COMMON] unsigned char 
 Return value:  Size  Location     Type
                  1    wreg      unsigned char 
 Registers used:
		wreg, fsr0l, fsr0h, status,2, status,0, pclath, cstack
 Tracked objects:
		On entry : 
		On exit  : 
		Unchanged: 
 Data sizes:     COMMON   BANK0   BANK1   BANK3   BANK2
      Params:         0       0       0       0       0
      Locals:         1       0       0       0       0
      Temps:          1       0       0       0       0
      Totals:         2       0       0       0       0
Total ram usage:        2 bytes
 Hardware stack levels used:    1
 Hardware stack levels required when called:    3
 This function calls:
		_lcd_ioset
 This function is called by:
		_lcd_init
 This function uses a non-reentrant model


 *************** function _lcd_send *****************
 Defined at:
		line 159 in file "../LCD/LCD.c"
 Parameters:    Size  Location     Type
  data            1    wreg     unsigned char 
  rs              1    2[BANK0 ] unsigned char 
 Auto vars:     Size  Location     Type
  data            1    4[BANK0 ] unsigned char 
 Return value:  Size  Location     Type
		None               void
 Registers used:
		wreg, fsr0l, fsr0h, status,2, status,0, pclath, cstack
 Tracked objects:
		On entry : 
		On exit  : 
		Unchanged: 
 Data sizes:     COMMON   BANK0   BANK1   BANK3   BANK2
      Params:         0       1       0       0       0
      Locals:         0       1       0       0       0
      Temps:          0       1       0       0       0
      Totals:         0       3       0       0       0
Total ram usage:        3 bytes
 Hardware stack levels used:    1
 Hardware stack levels required when called:    4
 This function calls:
		_lcd_ioset
		_lcd_iowrite4
		_lcd_iowrite8
 This function is called by:
		_lcd_init
		_lcd_on
		_lcd_goto
		_lcd_puts
		_lcd_clear
		_lcd_home
		_lcd_off
		_lcd_cursor
		_lcd_cursor_left
		_lcd_cursor_right
		_lcd_scroll_left
		_lcd_scroll_right
		_lcd_autoscroll_on
		_lcd_autoscroll_off
		_lcd_create_char
 This function uses a non-reentrant model


 *************** function _lcd_iowrite4 *****************
 Defined at:
		line 127 in file "../LCD/LCD-PIC16.c"
 Parameters:    Size  Location     Type
  data            1    wreg     unsigned char 
 Auto vars:     Size  Location     Type
  data            1    0[BANK0 ] unsigned char 
  i               1    1[BANK0 ] unsigned char 
 Return value:  Size  Location     Type
		None               void
 Registers used:
		wreg, fsr0l, fsr0h, status,2, status,0, pclath, cstack
 Tracked objects:
		On entry : 
		On exit  : 
		Unchanged: 
 Data sizes:     COMMON   BANK0   BANK1   BANK3   BANK2
      Params:         0       0       0       0       0
      Locals:         0       2       0       0       0
      Temps:          2       0       0       0       0
      Totals:         2       2       0       0       0
Total ram usage:        4 bytes
 Hardware stack levels used:    1
 Hardware stack levels required when called:    3
 This function calls:
		_lcd_ioset
 This function is called by:
		_lcd_init
		_lcd_send
 This function uses a non-reentrant model


 *************** function _lcd_ioset *****************
 Defined at:
		line 84 in file "../LCD/LCD-PIC16.c"
 Parameters:    Size  Location     Type
  pin             1    wreg     enum E1012
  out             1    4[COMMON] unsigned char 
 Auto vars:     Size  Location     Type
  pin             1    5[COMMON] enum E1012
 Return value:  Size  Location     Type
		None               void
 Registers used:
		wreg, fsr0l, fsr0h, status,2, status,0
 Tracked objects:
		On entry : 
		On exit  : 
		Unchanged: 
 Data sizes:     COMMON   BANK0   BANK1   BANK3   BANK2
      Params:         1       0       0       0       0
      Locals:         1       0       0       0       0
      Temps:          0       0       0       0       0
      Totals:         2       0       0       0       0
Total ram usage:        2 bytes
 Hardware stack levels used:    1
 Hardware stack levels required when called:    2
 This function calls:
		Nothing
 This function is called by:
		_lcd_send
		_lcd_ioinit
		_lcd_iowrite4
 This function uses a non-reentrant model


 *************** function _lcd_iowrite8 *****************
 Defined at:
		line 141 in file "../LCD/LCD-PIC16.c"
 Parameters:    Size  Location     Type
  data            1    wreg     unsigned char 
 Auto vars:     Size  Location     Type
  data            1    0[COMMON] unsigned char 
 Return value:  Size  Location     Type
		None               void
 Registers used:
		wreg
 Tracked objects:
		On entry : 
		On exit  : 
		Unchanged: 
 Data sizes:     COMMON   BANK0   BANK1   BANK3   BANK2
      Params:         0       0       0       0       0
      Locals:         0       0       0       0       0
      Temps:          0       0       0       0       0
      Totals:         0       0       0       0       0
Total ram usage:        0 bytes
 Hardware stack levels used:    1
 Hardware stack levels required when called:    2
 This function calls:
		Nothing
 This function is called by:
		_lcd_send
 This function uses a non-reentrant model


 *************** function _isdigit *****************
 Defined at:
		line 13 in file "C:\Program Files (x86)\Microchip\xc8\v1.12\sources\isdigit.c"
 Parameters:    Size  Location     Type
  c               1    wreg     unsigned char 
 Auto vars:     Size  Location     Type
  c               1    5[COMMON] unsigned char 
 Return value:  Size  Location     Type
		None               void
 Registers used:
		wreg, status,2, status,0
 Tracked objects:
		On entry : 
		On exit  : 
		Unchanged: 
 Data sizes:     COMMON   BANK0   BANK1   BANK3   BANK2
      Params:         0       0       0       0       0
      Locals:         2       0       0       0       0
      Temps:          0       0       0       0       0
      Totals:         2       0       0       0       0
Total ram usage:        2 bytes
 Hardware stack levels used:    1
 Hardware stack levels required when called:    2
 This function calls:
		Nothing
 This function is called by:
		_sprintf
 This function uses a non-reentrant model


 *************** function ___wmul *****************
 Defined at:
		line 3 in file "C:\Program Files (x86)\Microchip\xc8\v1.12\sources\wmul.c"
 Parameters:    Size  Location     Type
  multiplier      2    4[COMMON] unsigned int 
  multiplicand    2    6[COMMON] unsigned int 
 Auto vars:     Size  Location     Type
  product         2    0[BANK0 ] unsigned int 
 Return value:  Size  Location     Type
                  2    4[COMMON] unsigned int 
 Registers used:
		wreg, status,2, status,0
 Tracked objects:
		On entry : 
		On exit  : 
		Unchanged: 
 Data sizes:     COMMON   BANK0   BANK1   BANK3   BANK2
      Params:         4       0       0       0       0
      Locals:         0       2       0       0       0
      Temps:          0       0       0       0       0
      Totals:         4       2       0       0       0
Total ram usage:        6 bytes
 Hardware stack levels used:    1
 Hardware stack levels required when called:    2
 This function calls:
		Nothing
 This function is called by:
		_sprintf
 This function uses a non-reentrant model


 *************** function ___lwdiv *****************
 Defined at:
		line 5 in file "C:\Program Files (x86)\Microchip\xc8\v1.12\sources\lwdiv.c"
 Parameters:    Size  Location     Type
  divisor         2    4[COMMON] unsigned int 
  dividend        2    6[COMMON] unsigned int 
 Auto vars:     Size  Location     Type
  quotient        2    2[BANK0 ] unsigned int 
  counter         1    1[BANK0 ] unsigned char 
 Return value:  Size  Location     Type
                  2    4[COMMON] unsigned int 
 Registers used:
		wreg, status,2, status,0
 Tracked objects:
		On entry : 
		On exit  : 
		Unchanged: 
 Data sizes:     COMMON   BANK0   BANK1   BANK3   BANK2
      Params:         4       0       0       0       0
      Locals:         0       3       0       0       0
      Temps:          0       1       0       0       0
      Totals:         4       4       0       0       0
Total ram usage:        8 bytes
 Hardware stack levels used:    1
 Hardware stack levels required when called:    2
 This function calls:
		Nothing
 This function is called by:
		_sprintf
 This function uses a non-reentrant model


 *************** function ___lwmod *****************
 Defined at:
		line 5 in file "C:\Program Files (x86)\Microchip\xc8\v1.12\sources\lwmod.c"
 Parameters:    Size  Location     Type
  divisor         2    4[BANK0 ] unsigned int 
  dividend        2    6[BANK0 ] unsigned int 
 Auto vars:     Size  Location     Type
  counter         1    9[BANK0 ] unsigned char 
 Return value:  Size  Location     Type
                  2    4[BANK0 ] unsigned int 
 Registers used:
		wreg, status,2, status,0
 Tracked objects:
		On entry : 
		On exit  : 
		Unchanged: 
 Data sizes:     COMMON   BANK0   BANK1   BANK3   BANK2
      Params:         0       4       0       0       0
      Locals:         0       1       0       0       0
      Temps:          0       1       0       0       0
      Totals:         0       6       0       0       0
Total ram usage:        6 bytes
 Hardware stack levels used:    1
 Hardware stack levels required when called:    2
 This function calls:
		Nothing
 This function is called by:
		_sprintf
 This function uses a non-reentrant model


 *************** function _isr *****************
 Defined at:
		line 110 in file "main.c"
 Parameters:    Size  Location     Type
		None
 Auto vars:     Size  Location     Type
		None
 Return value:  Size  Location     Type
		None               void
 Registers used:
		wreg, status,2, status,0, pclath, cstack
 Tracked objects:
		On entry : 
		On exit  : 
		Unchanged: 
 Data sizes:     COMMON   BANK0   BANK1   BANK3   BANK2
      Params:         0       0       0       0       0
      Locals:         0       0       0       0       0
      Temps:          4       0       0       0       0
      Totals:         4       0       0       0       0
Total ram usage:        4 bytes
 Hardware stack levels used:    1
 Hardware stack levels required when called:    1
 This function calls:
		_tick_update
 This function is called by:
		Interrupt level 1
 This function uses a non-reentrant model


 *************** function _tick_update *****************
 Defined at:
		line 48 in file "../Tick/Tick-PIC16.c"
 Parameters:    Size  Location     Type
		None
 Auto vars:     Size  Location     Type
		None
 Return value:  Size  Location     Type
		None               void
 Registers used:
		wreg
 Tracked objects:
		On entry : 
		On exit  : 
		Unchanged: 
 Data sizes:     COMMON   BANK0   BANK1   BANK3   BANK2
      Params:         0       0       0       0       0
      Locals:         0       0       0       0       0
      Temps:          0       0       0       0       0
      Totals:         0       0       0       0       0
Total ram usage:        0 bytes
 Hardware stack levels used:    1
 This function calls:
		Nothing
 This function is called by:
		_isr
 This function uses a non-reentrant model



MODULE INFORMATION

Module		Function		Class		Link	Load	Size
C:\Program Files (x86)\Microchip\xc8\v1.12\sources\doprnt.c
		_sprintf       		CODE           	0013	0000	583

C:\Program Files (x86)\Microchip\xc8\v1.12\sources\doprnt.c estimated size: 583

shared
		__stringtab    		STRING         	0495	0000	16
		__stringdata   		STRING         	04B3	0000	62
		_rowaddr       		STRING         	04AF	0000	4
		_dpowers       		STRING         	04A5	0000	10
		__initializatio		CODE           	07E6	0000	22

shared estimated size: 114

main.c
		_main          		CODE           	06D2	0000	51
		_led_task      		CODE           	0540	0000	77
		_dht11_task    		CODE           	03FF	0000	150
		_isr           		CODE           	0E8F	0000	16

main.c estimated size: 294

../LCD/LCD-PIC16.c
		_lcd_ioset     		CODE           	058D	0000	76
		_lcd_ioinit    		CODE           	0783	0000	37
		_lcd_iowrite4  		CODE           	061E	0000	67
		_lcd_iowrite8  		CODE           	07FF	0000	1

../LCD/LCD-PIC16.c estimated size: 181

C:\Program Files (x86)\Microchip\xc8\v1.12\sources\wmul.c
		___wmul        		CODE           	0705	0000	48

C:\Program Files (x86)\Microchip\xc8\v1.12\sources\wmul.c estimated size: 48

C:\Program Files (x86)\Microchip\xc8\v1.12\sources\isdigit.c
		_isdigit       		CODE           	0EC0	0000	20

C:\Program Files (x86)\Microchip\xc8\v1.12\sources\isdigit.c estimated size: 20

C:\Program Files (x86)\Microchip\xc8\v1.12\sources\lwmod.c
		___lwmod       		CODE           	05D9	0000	69

C:\Program Files (x86)\Microchip\xc8\v1.12\sources\lwmod.c estimated size: 69

../DHTLib.c
		_dhtlib_read   		CODE           	0330	0000	207
		_dhtlib_init   		CODE           	0E83	0000	4
		_dhtlib_start  		CODE           	07C9	0000	29
		_dhtlib_read11 		CODE           	069C	0000	54

../DHTLib.c estimated size: 294

C:\Program Files (x86)\Microchip\xc8\v1.12\sources\lwdiv.c
		___lwdiv       		CODE           	04F1	0000	79

C:\Program Files (x86)\Microchip\xc8\v1.12\sources\lwdiv.c estimated size: 79

../LCD/LCD.c
		_lcd_send      		CODE           	0661	0000	59
		_lcd_puts      		CODE           	075D	0000	38
		_lcd_goto      		CODE           	0735	0000	40
		_lcd_on        		CODE           	0EAF	0000	17
		_lcd_init      		CODE           	025A	0000	214

../LCD/LCD.c estimated size: 368

../Tick/Tick-PIC16.c
		_tick_init     		CODE           	0E9F	0000	16
		_tick_get      		CODE           	0ED4	0000	21
		_tick_read_inte		CODE           	07A8	0000	33
		_tick_update   		CODE           	0EE9	0000	23

../Tick/Tick-PIC16.c estimated size: 93

