Microchip MPLAB XC8 Compiler V1.12 ()

Linker command line:

--edf=C:\Program Files (x86)\Microchip\xc8\v1.12\dat\en_msgs.txt -cs \
  -h+dist/default/production\dhtlib-demo-pic16.X.production.sym -z -Q16F88 \
  -ol.obj -Mdist/default/production/dhtlib-demo-pic16.X.production.map -E1 \
  -ver=XC8 -ACONST=00h-0FFhx16 -ACODE=00h-07FFhx2 -ASTRCODE=00h-0FFFh \
  -AENTRY=00h-0FFhx16 -ASTRING=00h-0FFhx16 -ACOMMON=070h-07Fh \
  -ABANK0=020h-06Fh -ABANK1=0A0h-0EFh -ABANK2=0110h-016Fh \
  -ABANK3=0190h-01EFh -ARAM=020h-06Fh,0A0h-0EFh,0110h-016Fh,0190h-01EFh \
  -AABS1=020h-07Fh,0A0h-0EFh,0110h-016Fh,0190h-01EFh -ASFR0=00h-01Fh \
  -ASFR1=080h-09Fh -ASFR2=0100h-010Fh -ASFR3=0180h-018Fh \
  -preset_vec=00h,intentry=04h,init,end_init -ppowerup=CODE -pfunctab=CODE \
  -ACONFIG=02007h-02008h -pconfig=CONFIG -DCONFIG=2 -AIDLOC=02000h-02003h \
  -pidloc=IDLOC -DIDLOC=2 -AEEDATA=00h-0FFh/02100h -peeprom_data=EEDATA \
  -DEEDATA=2 -DCODE=2 -DSTRCODE=2 -DSTRING=2 -DCONST=2 -DENTRY=2 -k \
  C:\Users\Ruben\AppData\Local\Temp\sats.obj \
  dist/default/production\dhtlib-demo-pic16.X.production.obj 

Object code version is 3.10

Machine type is 16F88



                Name                               Link     Load   Length Selector   Space Scale
C:\Users\Ruben\AppData\Local\Temp\sats.obj
                end_init                             11       11        2        8       0
                reset_vec                             0        0        2        0       0
                config                             2007     2007        2     400E       0
dist/default/production\dhtlib-demo-pic16.X.production.obj
                intentry                              4        4        D        8       0
                text906                             FCC      FCC       17     1F98       0
                text905                             F6D      F6D       10     1EDA       0
                text904                             68A      68A       45      AB8       0
                text903                             55C      55C       4F      AB8       0
                text902                             773      773       2C      AB8       0
                text901                             F8D      F8D       14     1F1A       0
                text900                               3        3        1        6       0
                text899                             5F8      5F8       4C      AB8       0
                text898                             644      644       46      AB8       0
                text897                             6CF      6CF       3B      AB8       0
                text896                             79F      79F       2B      AB8       0
                text895                             4CF      4CF       21        8       0
                text894                             FE3      FE3       1D     1FC6       0
                text893                             332      332       CF        8       0
                text892                              13       13      247        8       0
                text891                             70A      70A       36      AB8       0
                text890                             7CA      7CA       28      AB8       0
                text889                             FA1      FA1       15     1F42       0
                text888                             4A9      4A9       26        8       0
                text887                             401      401       A8        8       0
                text886                             5AB      5AB       4D      AB8       0
                text885                             F7D      F7D       10     1EFA       0
                text884                             7FA      7FA        4      AB8       0
                text883                             4F0      4F0       10        8       0
                text882                             25A      25A       D8        8       0
                maintext                            740      740       33      AB8       0
                cstackBANK0                          48       48       25       20       1
                cstackCOMMON                         70       70        6       70       1
                cstackBANK1                          A0       A0        3       A0       1
                clrtext                             7F2      7F2        8      AB8       0
                dataBANK0                            6D       6D        2       20       1
                bssBANK0                             20       20       28       20       1
                bssCOMMON                            76       76        4       70       1
                cinit                               FB6      FB6       16     1F6C       0
                nvBANK0                              6F       6F        1       20       1
                strings                             500      500       5C      A00       0
                idataBANK0                          7FE      7FE        2      AB8       0

TOTAL           Name                               Link     Load   Length     Space
        CLASS   CONST          

        CLASS   CODE           
                end_init                             11       11        2         0
                intentry                              4        4        D         0
                reset_vec                             0        0        2         0
                text906                             FCC      FCC       17         0
                text905                             F6D      F6D       10         0
                text904                             68A      68A       45         0
                text903                             55C      55C       4F         0
                text902                             773      773       2C         0
                text901                             F8D      F8D       14         0
                text900                               3        3        1         0
                text899                             5F8      5F8       4C         0
                text898                             644      644       46         0
                text897                             6CF      6CF       3B         0
                text896                             79F      79F       2B         0
                text895                             4CF      4CF       21         0
                text894                             FE3      FE3       1D         0
                text893                             332      332       CF         0
                text892                              13       13      247         0
                text891                             70A      70A       36         0
                text890                             7CA      7CA       28         0
                text889                             FA1      FA1       15         0
                text888                             4A9      4A9       26         0
                text887                             401      401       A8         0
                text886                             5AB      5AB       4D         0
                text885                             F7D      F7D       10         0
                text884                             7FA      7FA        4         0
                text883                             4F0      4F0       10         0
                text882                             25A      25A       D8         0
                maintext                            740      740       33         0
                clrtext                             7F2      7F2        8         0
                cinit                               FB6      FB6       16         0
                idataBANK0                          7FE      7FE        2         0

        CLASS   STRCODE        

        CLASS   ENTRY          

        CLASS   STRING         
                strings                             500      500       5C         0

        CLASS   COMMON         
                cstackCOMMON                         70       70        6         1
                bssCOMMON                            76       76        4         1

        CLASS   BANK0          
                cstackBANK0                          48       48       25         1
                dataBANK0                            6D       6D        2         1
                bssBANK0                             20       20       28         1
                nvBANK0                              6F       6F        1         1

        CLASS   BANK1          
                cstackBANK1                          A0       A0        3         1

        CLASS   BANK2          

        CLASS   BANK3          

        CLASS   RAM            

        CLASS   ABS1           
                abs_s1                               7E       7E        2         1

        CLASS   SFR0           

        CLASS   SFR1           

        CLASS   SFR2           

        CLASS   SFR3           

        CLASS   CONFIG         
                config                             2007     2007        2         0

        CLASS   IDLOC          

        CLASS   EEDATA         



SEGMENTS        Name                           Load    Length   Top    Selector   Space  Class     Delta

                reset_vec                      000000  000002  000002         0       0  CODE        2
                text900                        000003  000001  000004         6       0  CODE        2
                intentry                       000004  0004FC  000500         8       0  CODE        2
                bssBANK0                       000020  000050  000070        20       1  BANK0       1
                cstackCOMMON                   000070  00000A  00007A        70       1  COMMON      1
                cstackBANK1                    0000A0  000003  0000A3        A0       1  BANK1       1
                strings                        000500  00005C  00055C       A00       0  STRING      2
                text903                        00055C  0002A4  000800       AB8       0  CODE        2
                text905                        000F6D  000010  000F7D      1EDA       0  CODE        2
                text885                        000F7D  000010  000F8D      1EFA       0  CODE        2
                text901                        000F8D  000014  000FA1      1F1A       0  CODE        2
                text889                        000FA1  000015  000FB6      1F42       0  CODE        2
                cinit                          000FB6  000016  000FCC      1F6C       0  CODE        2
                text906                        000FCC  000017  000FE3      1F98       0  CODE        2
                text894                        000FE3  00001D  001000      1FC6       0  CODE        2
                config                         002007  000002  002009      400E       0  CONFIG      2


UNUSED ADDRESS RANGES

        Name                Unused          Largest block    Delta
        BANK1            00A3-00EF             4D           1
        BANK2            0110-016F             60           1
        BANK3            0190-01EF             60           1
        CODE             0002-0002              1           2
                         0800-0F6C            76D
        COMMON           007A-007D              4           1
        CONST            0002-0002              1           2
                         0800-0F6C            100
        EEDATA           2100-21FF            100           2
        ENTRY            0002-0002              1           2
                         0800-0F6C            100
        IDLOC            2000-2003              4           2
        RAM              00A3-00EF             4D           1
                         0110-016F             60
                         0190-01EF             60
        SFR0             0000-001F             20           1
        SFR1             0080-009F             20           1
        SFR2             0100-010F             10           1
        SFR3             0180-018F             10           1
        STRCODE          0002-0002              1           2
                         0800-0F6C            76D
        STRING           0002-0002              1           2
                         0800-0F6C            100

                                  Symbol Table

?___lwdiv                    cstackBANK0  0048
?___lwmod                    cstackBANK0  004F
?___wmul                     cstackBANK0  0048
?_dhtlib_read11              cstackBANK0  004E
?_lcd_goto                   cstackBANK0  004F
?_lcd_init                   cstackBANK0  004F
?_lcd_ioset                  cstackCOMMON 0074
?_lcd_puts                   cstackBANK0  004F
?_lcd_send                   cstackBANK0  004C
?_sprintf                    cstackBANK0  0054
?_tick_get                   cstackBANK0  0048
_ANSEL                       (abs)        009B
_GIE                         (abs)        005F
_INTCONbits                  (abs)        000B
_OSCCON                      (abs)        008F
_PIE1bits                    (abs)        008C
_PIR1bits                    (abs)        000C
_PORTA                       (abs)        0005
_PORTAbits                   (abs)        0005
_PORTBbits                   (abs)        0006
_T1CON                       (abs)        0010
_TMR1H                       (abs)        000F
_TMR1L                       (abs)        000E
_TRISA                       (abs)        0085
_TRISAbits                   (abs)        0085
_TRISB                       (abs)        0086
_TRISBbits                   (abs)        0086
__CFG_BOREN$OFF              (abs)        0000
__CFG_CCPMX$RB0              (abs)        0000
__CFG_CP$OFF                 (abs)        0000
__CFG_CPD$OFF                (abs)        0000
__CFG_FCMEN$OFF              (abs)        0000
__CFG_FOSC$INTOSCIO          (abs)        0000
__CFG_IESO$OFF               (abs)        0000
__CFG_LVP$OFF                (abs)        0000
__CFG_MCLRE$ON               (abs)        0000
__CFG_PWRTE$OFF              (abs)        0000
__CFG_WDTE$OFF               (abs)        0000
__CFG_WRT$OFF                (abs)        0000
__Habs1                      abs1         0000
__Hbank0                     bank0        0000
__Hbank1                     bank1        0000
__Hbank2                     bank2        0000
__Hbank3                     bank3        0000
__HbssBANK0                  bssBANK0     0000
__HbssCOMMON                 bssCOMMON    0000
__Hcinit                     cinit        0000
__Hclrtext                   clrtext      0000
__Hcode                      code         0000
__Hcommon                    common       0000
__Hconfig                    config       2009
__HcstackBANK0               cstackBANK0  0000
__HcstackBANK1               cstackBANK1  0000
__HcstackCOMMON              cstackCOMMON 0000
__HdataBANK0                 dataBANK0    0000
__Heeprom_data               eeprom_data  0000
__Hend_init                  end_init     0013
__Hfunctab                   functab      0000
__HidataBANK0                idataBANK0   0000
__Hidloc                     idloc        0000
__Hinit                      init         0011
__Hintentry                  intentry     0011
__Hmaintext                  maintext     0000
__HnvBANK0                   nvBANK0      0000
__Hpowerup                   powerup      0000
__Hram                       ram          0000
__Hreset_vec                 reset_vec    0002
__Hsfr0                      sfr0         0000
__Hsfr1                      sfr1         0000
__Hsfr2                      sfr2         0000
__Hsfr3                      sfr3         0000
__Hstrings                   strings      0000
__Htext                      text         0000
__Labs1                      abs1         0000
__Lbank0                     bank0        0000
__Lbank1                     bank1        0000
__Lbank2                     bank2        0000
__Lbank3                     bank3        0000
__LbssBANK0                  bssBANK0     0000
__LbssCOMMON                 bssCOMMON    0000
__Lcinit                     cinit        0000
__Lclrtext                   clrtext      0000
__Lcode                      code         0000
__Lcommon                    common       0000
__Lconfig                    config       2007
__LcstackBANK0               cstackBANK0  0000
__LcstackBANK1               cstackBANK1  0000
__LcstackCOMMON              cstackCOMMON 0000
__LdataBANK0                 dataBANK0    0000
__Leeprom_data               eeprom_data  0000
__Lend_init                  end_init     0011
__Lfunctab                   functab      0000
__LidataBANK0                idataBANK0   0000
__Lidloc                     idloc        0000
__Linit                      init         0011
__Lintentry                  intentry     0004
__Lmaintext                  maintext     0000
__LnvBANK0                   nvBANK0      0000
__Lpowerup                   powerup      0000
__Lram                       ram          0000
__Lreset_vec                 reset_vec    0000
__Lsfr0                      sfr0         0000
__Lsfr1                      sfr1         0000
__Lsfr2                      sfr2         0000
__Lsfr3                      sfr3         0000
__Lstrings                   strings      0000
__Ltext                      text         0000
__S0                         (abs)        2009
__S1                         (abs)        00A3
__S2                         (abs)        0000
___lwdiv                     text903      055C
___lwdiv@counter             cstackBANK0  004C
___lwdiv@dividend            cstackBANK0  004A
___lwdiv@divisor             cstackBANK0  0048
___lwdiv@quotient            cstackBANK0  004D
___lwmod                     text904      068A
___lwmod@counter             cstackBANK0  0053
___lwmod@dividend            cstackBANK0  0051
___lwmod@divisor             cstackBANK0  004F
___wmul                      text902      0773
___wmul@multiplicand         cstackBANK0  004A
___wmul@multiplier           cstackBANK0  0048
___wmul@product              cstackCOMMON 0074
__end_of___lwdiv             text903      05AB
__end_of___lwmod             text904      06CF
__end_of___wmul              text902      079F
__end_of__initialization     cinit        0FC9
__end_of__stringdata         strings      055C
__end_of__stringtab          strings      0510
__end_of_dht11_task          text887      04A9
__end_of_dhtlib_init         text884      07FE
__end_of_dhtlib_read         text893      0401
__end_of_dhtlib_read11       text891      0740
__end_of_dhtlib_start        text894      1000
__end_of_dpowers             strings      051A
__end_of_isdigit             text901      0FA1
__end_of_isr                 text905      0F7D
__end_of_lcd_goto            text890      07F2
__end_of_lcd_init            text882      0332
__end_of_lcd_ioinit          text896      07CA
__end_of_lcd_ioset           text899      0644
__end_of_lcd_iowrite4        text898      068A
__end_of_lcd_iowrite8        text900      0004
__end_of_lcd_on              text885      0F8D
__end_of_lcd_puts            text888      04CF
__end_of_lcd_send            text897      070A
__end_of_led_task            text886      05F8
__end_of_main                maintext     0773
__end_of_rowaddr             strings      051E
__end_of_sprintf             text892      025A
__end_of_tick_get            text889      0FB6
__end_of_tick_init           text883      0500
__end_of_tick_read_internal  text895      04F0
__end_of_tick_update         text906      0FE3
__initialization             cinit        0FB6
__pbssBANK0                  bssBANK0     0020
__pbssCOMMON                 bssCOMMON    0076
__pcstackBANK0               cstackBANK0  0048
__pcstackBANK1               cstackBANK1  00A0
__pcstackCOMMON              cstackCOMMON 0070
__pdataBANK0                 dataBANK0    006D
__pidataBANK0                idataBANK0   07FE
__pintentry                  intentry     0004
__pmaintext                  maintext     0740
__pnvBANK0                   nvBANK0      006F
__pstrings                   strings      0500
__ptext882                   text882      025A
__ptext883                   text883      04F0
__ptext884                   text884      07FA
__ptext885                   text885      0F7D
__ptext886                   text886      05AB
__ptext887                   text887      0401
__ptext888                   text888      04A9
__ptext889                   text889      0FA1
__ptext890                   text890      07CA
__ptext891                   text891      070A
__ptext892                   text892      0013
__ptext893                   text893      0332
__ptext894                   text894      0FE3
__ptext895                   text895      04CF
__ptext896                   text896      079F
__ptext897                   text897      06CF
__ptext898                   text898      0644
__ptext899                   text899      05F8
__ptext900                   text900      0003
__ptext901                   text901      0F8D
__ptext902                   text902      0773
__ptext903                   text903      055C
__ptext904                   text904      068A
__ptext905                   text905      0F6D
__ptext906                   text906      0FCC
__ptext907                   text907      0000
__size_of___lwdiv            (abs)        0000
__size_of___lwmod            (abs)        0000
__size_of___wmul             (abs)        0000
__size_of_dht11_task         (abs)        0000
__size_of_dhtlib_init        (abs)        0000
__size_of_dhtlib_read        (abs)        0000
__size_of_dhtlib_read11      (abs)        0000
__size_of_dhtlib_start       (abs)        0000
__size_of_isdigit            (abs)        0000
__size_of_isr                (abs)        0000
__size_of_lcd_goto           (abs)        0000
__size_of_lcd_init           (abs)        0000
__size_of_lcd_ioinit         (abs)        0000
__size_of_lcd_ioset          (abs)        0000
__size_of_lcd_iowrite4       (abs)        0000
__size_of_lcd_iowrite8       (abs)        0000
__size_of_lcd_on             (abs)        0000
__size_of_lcd_puts           (abs)        0000
__size_of_lcd_send           (abs)        0000
__size_of_led_task           (abs)        0000
__size_of_main               (abs)        0000
__size_of_sprintf            (abs)        0000
__size_of_tick_get           (abs)        0000
__size_of_tick_init          (abs)        0000
__size_of_tick_read_internal (abs)        0000
__size_of_tick_update        (abs)        0000
__stringdata                 strings      051E
__stringtab                  strings      0500
_bits                        bssBANK0     0026
_buf                         bssBANK0     0034
_dht11_task                  text887      0401
_dhtlib_init                 text884      07FA
_dhtlib_read                 text893      0332
_dhtlib_read11               text891      070A
_dhtlib_start                text894      0FE3
_dispctrl                    bssBANK0     0033
_dpowers                     strings      0510
_iomode                      nvBANK0      006F
_isdigit                     text901      0F8D
_isdigit$587                 cstackCOMMON 0074
_isr                         text905      0F6D
_lcd_goto                    text890      07CA
_lcd_init                    text882      025A
_lcd_ioinit                  text896      079F
_lcd_ioset                   text899      05F8
_lcd_iowrite4                text898      0644
_lcd_iowrite8                text900      0003
_lcd_on                      text885      0F7D
_lcd_puts                    text888      04A9
_lcd_send                    text897      06CF
_lcdcolumns                  dataBANK0    006D
_lcdrows                     dataBANK0    006E
_led_task                    text886      05AB
_main                        maintext     0740
_rowaddr                     strings      051A
_sprintf                     text892      0013
_tick_get                    text889      0FA1
_tick_init                   text883      04F0
_tick_read_internal          text895      04CF
_tick_update                 text906      0FCC
_tickbuffer                  bssBANK0     0020
_tickcnt                     bssCOMMON    0076
btemp                        (abs)        007E
clear_ram                    clrtext      07F2
dht11_task@eResult           cstackBANK1  00A0
dht11_task@hb                cstackBANK1  00A2
dht11_task@ltick             bssBANK0     002B
dht11_task@tb                cstackBANK1  00A1
dhtlib_read11@chksum         cstackBANK0  0053
dhtlib_read11@hum            cstackBANK0  004E
dhtlib_read11@s              cstackBANK0  0054
dhtlib_read11@temp           cstackBANK0  0052
dhtlib_read@aindex           cstackBANK0  004A
dhtlib_read@bcount           cstackBANK0  004B
dhtlib_read@i                cstackBANK0  004D
dhtlib_read@tocounter        cstackBANK0  004C
end_of_initialization        cinit        0FC9
interrupt_function           intentry     0004
intlevel0                    functab      0000
intlevel1                    functab      0000
intlevel2                    functab      0000
intlevel3                    functab      0000
intlevel4                    functab      0000
intlevel5                    functab      0000
isdigit@c                    cstackCOMMON 0075
lcd_goto@col                 cstackBANK0  0051
lcd_goto@row                 cstackBANK0  004F
lcd_init@cols                cstackBANK0  004F
lcd_init@iodata              cstackBANK0  0054
lcd_init@rows                cstackBANK0  0050
lcd_ioinit@i                 cstackBANK0  0049
lcd_ioset@out                cstackCOMMON 0074
lcd_ioset@pin                cstackCOMMON 0075
lcd_iowrite4@data            cstackBANK0  004A
lcd_iowrite4@i               cstackBANK0  004B
lcd_puts@string              cstackBANK0  004F
lcd_send@data                cstackBANK0  004E
lcd_send@rs                  cstackBANK0  004C
led_task@ltime               bssBANK0     002F
reset_vec                    reset_vec    0000
saved_w                      (abs)        007E
sprintf@_val                 cstackBANK0  0062
sprintf@ap                   cstackBANK0  005C
sprintf@c                    cstackBANK0  0065
sprintf@f                    cstackBANK0  0054
sprintf@flag                 cstackBANK0  005E
sprintf@prec                 cstackBANK0  005D
sprintf@sp                   cstackBANK0  005F
sprintf@width                cstackBANK0  0060
start                        init         0011
start_initialization         cinit        0FB6
wtemp0                       (abs)        007E


FUNCTION INFORMATION:

 *************** function _main *****************
 Defined at:
		line 34 in file "main.c"
 Parameters:    Size  Location     Type
		None
 Auto vars:     Size  Location     Type
		None
 Return value:  Size  Location     Type
		None               void
 Registers used:
		wreg, fsr0l, fsr0h, fsr1l, fsr1h, status,2, status,0, btemp+1, pclath, cstack
 Tracked objects:
		On entry : 
		On exit  : 
		Unchanged: 
 Data sizes:     COMMON   BANK0   BANK1   BANK3   BANK2
      Params:         0       0       0       0       0
      Locals:         0       0       0       0       0
      Temps:          0       2       0       0       0
      Totals:         0       2       0       0       0
Total ram usage:        2 bytes
 Hardware stack levels required when called:    7
 This function calls:
		_lcd_init
		_tick_init
		_dhtlib_init
		_lcd_on
		_lcd_puts
		_led_task
		_dht11_task
 This function is called by:
		Startup code after reset
 This function uses a non-reentrant model


 *************** function _lcd_init *****************
 Defined at:
		line 31 in file "../LCD/LCD.c"
 Parameters:    Size  Location     Type
  iodata          1    wreg     PTR void 
		 -> NULL(0), 
  cols            1    7[BANK0 ] unsigned char 
  rows            1    8[BANK0 ] unsigned char 
 Auto vars:     Size  Location     Type
  iodata          1   12[BANK0 ] PTR void 
		 -> NULL(0), 
 Return value:  Size  Location     Type
                  1    wreg      unsigned char 
 Registers used:
		wreg, fsr0l, fsr0h, status,2, status,0, pclath, cstack
 Tracked objects:
		On entry : 
		On exit  : 
		Unchanged: 
 Data sizes:     COMMON   BANK0   BANK1   BANK3   BANK2
      Params:         0       2       0       0       0
      Locals:         0       1       0       0       0
      Temps:          0       3       0       0       0
      Totals:         0       6       0       0       0
Total ram usage:        6 bytes
 Hardware stack levels used:    1
 Hardware stack levels required when called:    5
 This function calls:
		_lcd_ioinit
		_lcd_iowrite4
		_lcd_send
 This function is called by:
		_main
 This function uses a non-reentrant model


 *************** function _tick_init *****************
 Defined at:
		line 28 in file "../Tick/Tick-PIC16.c"
 Parameters:    Size  Location     Type
		None
 Auto vars:     Size  Location     Type
		None
 Return value:  Size  Location     Type
		None               void
 Registers used:
		wreg, status,2
 Tracked objects:
		On entry : 
		On exit  : 
		Unchanged: 
 Data sizes:     COMMON   BANK0   BANK1   BANK3   BANK2
      Params:         0       0       0       0       0
      Locals:         0       0       0       0       0
      Temps:          0       0       0       0       0
      Totals:         0       0       0       0       0
Total ram usage:        0 bytes
 Hardware stack levels used:    1
 Hardware stack levels required when called:    2
 This function calls:
		Nothing
 This function is called by:
		_main
 This function uses a non-reentrant model


 *************** function _dhtlib_init *****************
 Defined at:
		line 35 in file "../DHTLib.c"
 Parameters:    Size  Location     Type
		None
 Auto vars:     Size  Location     Type
		None
 Return value:  Size  Location     Type
		None               void
 Registers used:
		None
 Tracked objects:
		On entry : 
		On exit  : 
		Unchanged: 
 Data sizes:     COMMON   BANK0   BANK1   BANK3   BANK2
      Params:         0       0       0       0       0
      Locals:         0       0       0       0       0
      Temps:          0       0       0       0       0
      Totals:         0       0       0       0       0
Total ram usage:        0 bytes
 Hardware stack levels used:    1
 Hardware stack levels required when called:    2
 This function calls:
		Nothing
 This function is called by:
		_main
 This function uses a non-reentrant model


 *************** function _lcd_on *****************
 Defined at:
		line 89 in file "../LCD/LCD.c"
 Parameters:    Size  Location     Type
		None
 Auto vars:     Size  Location     Type
		None
 Return value:  Size  Location     Type
		None               void
 Registers used:
		wreg, fsr0l, fsr0h, status,2, status,0, pclath, cstack
 Tracked objects:
		On entry : 
		On exit  : 
		Unchanged: 
 Data sizes:     COMMON   BANK0   BANK1   BANK3   BANK2
      Params:         0       0       0       0       0
      Locals:         0       0       0       0       0
      Temps:          0       1       0       0       0
      Totals:         0       1       0       0       0
Total ram usage:        1 bytes
 Hardware stack levels used:    1
 Hardware stack levels required when called:    5
 This function calls:
		_lcd_send
 This function is called by:
		_main
 This function uses a non-reentrant model


 *************** function _led_task *****************
 Defined at:
		line 88 in file "main.c"
 Parameters:    Size  Location     Type
		None
 Auto vars:     Size  Location     Type
		None
 Return value:  Size  Location     Type
		None               void
 Registers used:
		wreg, fsr0l, fsr0h, status,2, status,0, pclath, cstack
 Tracked objects:
		On entry : 
		On exit  : 
		Unchanged: 
 Data sizes:     COMMON   BANK0   BANK1   BANK3   BANK2
      Params:         0       0       0       0       0
      Locals:         0       0       0       0       0
      Temps:          0       4       0       0       0
      Totals:         0       4       0       0       0
Total ram usage:        4 bytes
 Hardware stack levels used:    1
 Hardware stack levels required when called:    4
 This function calls:
		_tick_get
 This function is called by:
		_main
 This function uses a non-reentrant model


 *************** function _dht11_task *****************
 Defined at:
		line 61 in file "main.c"
 Parameters:    Size  Location     Type
		None
 Auto vars:     Size  Location     Type
  eResult         1    0[BANK1 ] enum E1128
  hb              1    2[BANK1 ] unsigned char 
  tb              1    1[BANK1 ] unsigned char 
 Return value:  Size  Location     Type
		None               void
 Registers used:
		wreg, fsr0l, fsr0h, fsr1l, fsr1h, status,2, status,0, btemp+1, pclath, cstack
 Tracked objects:
		On entry : 
		On exit  : 
		Unchanged: 
 Data sizes:     COMMON   BANK0   BANK1   BANK3   BANK2
      Params:         0       0       0       0       0
      Locals:         0       0       3       0       0
      Temps:          0       5       0       0       0
      Totals:         0       5       3       0       0
Total ram usage:        8 bytes
 Hardware stack levels used:    1
 Hardware stack levels required when called:    6
 This function calls:
		_tick_get
		_lcd_goto
		_dhtlib_read11
		_sprintf
		_lcd_puts
 This function is called by:
		_main
 This function uses a non-reentrant model


 *************** function _lcd_puts *****************
 Defined at:
		line 176 in file "../LCD/LCD.c"
 Parameters:    Size  Location     Type
  string          2    7[BANK0 ] PTR const unsigned char 
		 -> buf(20), STR_1(17), 
 Auto vars:     Size  Location     Type
		None
 Return value:  Size  Location     Type
		None               void
 Registers used:
		wreg, fsr0l, fsr0h, status,2, status,0, btemp+1, pclath, cstack
 Tracked objects:
		On entry : 
		On exit  : 
		Unchanged: 
 Data sizes:     COMMON   BANK0   BANK1   BANK3   BANK2
      Params:         0       2       0       0       0
      Locals:         0       0       0       0       0
      Temps:          0       0       0       0       0
      Totals:         0       2       0       0       0
Total ram usage:        2 bytes
 Hardware stack levels used:    1
 Hardware stack levels required when called:    5
 This function calls:
		_lcd_send
 This function is called by:
		_main
		_dht11_task
 This function uses a non-reentrant model


 *************** function _tick_get *****************
 Defined at:
		line 42 in file "../Tick/Tick-PIC16.c"
 Parameters:    Size  Location     Type
		None
 Auto vars:     Size  Location     Type
		None
 Return value:  Size  Location     Type
                  4    0[BANK0 ] unsigned long 
 Registers used:
		wreg, fsr0l, fsr0h, status,2, status,0, pclath, cstack
 Tracked objects:
		On entry : 
		On exit  : 
		Unchanged: 
 Data sizes:     COMMON   BANK0   BANK1   BANK3   BANK2
      Params:         0       4       0       0       0
      Locals:         0       0       0       0       0
      Temps:          0       0       0       0       0
      Totals:         0       4       0       0       0
Total ram usage:        4 bytes
 Hardware stack levels used:    1
 Hardware stack levels required when called:    3
 This function calls:
		_tick_read_internal
 This function is called by:
		_dht11_task
		_led_task
 This function uses a non-reentrant model


 *************** function _lcd_goto *****************
 Defined at:
		line 147 in file "../LCD/LCD.c"
 Parameters:    Size  Location     Type
  col             1    wreg     unsigned char 
  row             1    7[BANK0 ] unsigned char 
 Auto vars:     Size  Location     Type
  col             1    9[BANK0 ] unsigned char 
 Return value:  Size  Location     Type
		None               void
 Registers used:
		wreg, fsr0l, fsr0h, status,2, status,0, pclath, cstack
 Tracked objects:
		On entry : 
		On exit  : 
		Unchanged: 
 Data sizes:     COMMON   BANK0   BANK1   BANK3   BANK2
      Params:         0       1       0       0       0
      Locals:         0       1       0       0       0
      Temps:          0       1       0       0       0
      Totals:         0       3       0       0       0
Total ram usage:        3 bytes
 Hardware stack levels used:    1
 Hardware stack levels required when called:    5
 This function calls:
		_lcd_send
 This function is called by:
		_dht11_task
 This function uses a non-reentrant model


 *************** function _dhtlib_read11 *****************
 Defined at:
		line 115 in file "../DHTLib.c"
 Parameters:    Size  Location     Type
  temp            1    wreg     PTR unsigned char 
		 -> dht11_task@tb(1), 
  hum             1    6[BANK0 ] PTR unsigned char 
		 -> dht11_task@hb(1), 
 Auto vars:     Size  Location     Type
  temp            1   10[BANK0 ] PTR unsigned char 
		 -> dht11_task@tb(1), 
  s               1   12[BANK0 ] enum E1000
  chksum          1   11[BANK0 ] unsigned char 
 Return value:  Size  Location     Type
                  1    wreg      enum E1128
 Registers used:
		wreg, fsr0l, fsr0h, status,2, status,0, pclath, cstack
 Tracked objects:
		On entry : 
		On exit  : 
		Unchanged: 
 Data sizes:     COMMON   BANK0   BANK1   BANK3   BANK2
      Params:         0       1       0       0       0
      Locals:         0       3       0       0       0
      Temps:          0       3       0       0       0
      Totals:         0       7       0       0       0
Total ram usage:        7 bytes
 Hardware stack levels used:    1
 Hardware stack levels required when called:    4
 This function calls:
		_dhtlib_read
 This function is called by:
		_dht11_task
 This function uses a non-reentrant model


 *************** function _sprintf *****************
 Defined at:
		line 493 in file "C:\Program Files (x86)\Microchip\xc8\v1.12\sources\doprnt.c"
 Parameters:    Size  Location     Type
  sp              1    wreg     PTR unsigned char 
		 -> buf(20), 
  f               1   12[BANK0 ] PTR const unsigned char 
		 -> STR_3(23), STR_2(22), 
 Auto vars:     Size  Location     Type
  sp              1   23[BANK0 ] PTR unsigned char 
		 -> buf(20), 
  _val            3   26[BANK0 ] struct .
  width           2   24[BANK0 ] int 
  c               1   29[BANK0 ] char 
  flag            1   22[BANK0 ] unsigned char 
  prec            1   21[BANK0 ] char 
  ap              1   20[BANK0 ] PTR void [1]
		 -> ?_sprintf(2), 
 Return value:  Size  Location     Type
                  2   12[BANK0 ] int 
 Registers used:
		wreg, fsr0l, fsr0h, status,2, status,0, btemp+1, pclath, cstack
 Tracked objects:
		On entry : 
		On exit  : 
		Unchanged: 
 Data sizes:     COMMON   BANK0   BANK1   BANK3   BANK2
      Params:         0       5       0       0       0
      Locals:         0      10       0       0       0
      Temps:          0       3       0       0       0
      Totals:         0      18       0       0       0
Total ram usage:       18 bytes
 Hardware stack levels used:    1
 Hardware stack levels required when called:    3
 This function calls:
		_isdigit
		___wmul
		___lwdiv
		___lwmod
 This function is called by:
		_dht11_task
 This function uses a non-reentrant model


 *************** function _dhtlib_read *****************
 Defined at:
		line 41 in file "../DHTLib.c"
 Parameters:    Size  Location     Type
		None
 Auto vars:     Size  Location     Type
  i               1    5[BANK0 ] unsigned char 
  tocounter       1    4[BANK0 ] unsigned char 
  bcount          1    3[BANK0 ] unsigned char 
  aindex          1    2[BANK0 ] unsigned char 
 Return value:  Size  Location     Type
                  1    wreg      enum E1000
 Registers used:
		wreg, fsr0l, fsr0h, status,2, status,0, pclath, cstack
 Tracked objects:
		On entry : 
		On exit  : 
		Unchanged: 
 Data sizes:     COMMON   BANK0   BANK1   BANK3   BANK2
      Params:         0       0       0       0       0
      Locals:         0       4       0       0       0
      Temps:          0       2       0       0       0
      Totals:         0       6       0       0       0
Total ram usage:        6 bytes
 Hardware stack levels used:    1
 Hardware stack levels required when called:    3
 This function calls:
		_dhtlib_start
 This function is called by:
		_dhtlib_read11
		_dhtlib_read22
		_dhtlib_float22
 This function uses a non-reentrant model


 *************** function _dhtlib_start *****************
 Defined at:
		line 180 in file "../DHTLib.c"
 Parameters:    Size  Location     Type
		None
 Auto vars:     Size  Location     Type
		None
 Return value:  Size  Location     Type
		None               void
 Registers used:
		wreg
 Tracked objects:
		On entry : 
		On exit  : 
		Unchanged: 
 Data sizes:     COMMON   BANK0   BANK1   BANK3   BANK2
      Params:         0       0       0       0       0
      Locals:         0       0       0       0       0
      Temps:          2       0       0       0       0
      Totals:         2       0       0       0       0
Total ram usage:        2 bytes
 Hardware stack levels used:    1
 Hardware stack levels required when called:    2
 This function calls:
		Nothing
 This function is called by:
		_dhtlib_read
 This function uses a non-reentrant model


 *************** function _tick_read_internal *****************
 Defined at:
		line 56 in file "../Tick/Tick-PIC16.c"
 Parameters:    Size  Location     Type
		None
 Auto vars:     Size  Location     Type
		None
 Return value:  Size  Location     Type
		None               void
 Registers used:
		wreg
 Tracked objects:
		On entry : 
		On exit  : 
		Unchanged: 
 Data sizes:     COMMON   BANK0   BANK1   BANK3   BANK2
      Params:         0       0       0       0       0
      Locals:         0       0       0       0       0
      Temps:          1       0       0       0       0
      Totals:         1       0       0       0       0
Total ram usage:        1 bytes
 Hardware stack levels used:    1
 Hardware stack levels required when called:    2
 This function calls:
		Nothing
 This function is called by:
		_tick_get
 This function uses a non-reentrant model


 *************** function _lcd_ioinit *****************
 Defined at:
		line 46 in file "../LCD/LCD-PIC16.c"
 Parameters:    Size  Location     Type
  iodata          1    wreg     PTR void 
		 -> NULL(0), 
 Auto vars:     Size  Location     Type
  iodata          1    0[COMMON] PTR void 
		 -> NULL(0), 
  i               1    1[BANK0 ] unsigned char 
 Return value:  Size  Location     Type
                  1    wreg      unsigned char 
 Registers used:
		wreg, fsr0l, fsr0h, status,2, status,0, pclath, cstack
 Tracked objects:
		On entry : 
		On exit  : 
		Unchanged: 
 Data sizes:     COMMON   BANK0   BANK1   BANK3   BANK2
      Params:         0       0       0       0       0
      Locals:         0       1       0       0       0
      Temps:          0       1       0       0       0
      Totals:         0       2       0       0       0
Total ram usage:        2 bytes
 Hardware stack levels used:    1
 Hardware stack levels required when called:    3
 This function calls:
		_lcd_ioset
 This function is called by:
		_lcd_init
 This function uses a non-reentrant model


 *************** function _lcd_send *****************
 Defined at:
		line 158 in file "../LCD/LCD.c"
 Parameters:    Size  Location     Type
  data            1    wreg     unsigned char 
  rs              1    4[BANK0 ] unsigned char 
 Auto vars:     Size  Location     Type
  data            1    6[BANK0 ] unsigned char 
 Return value:  Size  Location     Type
		None               void
 Registers used:
		wreg, fsr0l, fsr0h, status,2, status,0, pclath, cstack
 Tracked objects:
		On entry : 
		On exit  : 
		Unchanged: 
 Data sizes:     COMMON   BANK0   BANK1   BANK3   BANK2
      Params:         0       1       0       0       0
      Locals:         0       1       0       0       0
      Temps:          0       1       0       0       0
      Totals:         0       3       0       0       0
Total ram usage:        3 bytes
 Hardware stack levels used:    1
 Hardware stack levels required when called:    4
 This function calls:
		_lcd_ioset
		_lcd_iowrite4
		_lcd_iowrite8
 This function is called by:
		_lcd_init
		_lcd_on
		_lcd_goto
		_lcd_puts
		_lcd_clear
		_lcd_home
		_lcd_off
		_lcd_cursor
		_lcd_cursor_left
		_lcd_cursor_right
		_lcd_scroll_left
		_lcd_scroll_right
		_lcd_autoscroll_on
		_lcd_autoscroll_off
		_lcd_create_char
 This function uses a non-reentrant model


 *************** function _lcd_iowrite4 *****************
 Defined at:
		line 127 in file "../LCD/LCD-PIC16.c"
 Parameters:    Size  Location     Type
  data            1    wreg     unsigned char 
 Auto vars:     Size  Location     Type
  data            1    2[BANK0 ] unsigned char 
  i               1    3[BANK0 ] unsigned char 
 Return value:  Size  Location     Type
		None               void
 Registers used:
		wreg, fsr0l, fsr0h, status,2, status,0, pclath, cstack
 Tracked objects:
		On entry : 
		On exit  : 
		Unchanged: 
 Data sizes:     COMMON   BANK0   BANK1   BANK3   BANK2
      Params:         0       0       0       0       0
      Locals:         0       2       0       0       0
      Temps:          0       2       0       0       0
      Totals:         0       4       0       0       0
Total ram usage:        4 bytes
 Hardware stack levels used:    1
 Hardware stack levels required when called:    3
 This function calls:
		_lcd_ioset
 This function is called by:
		_lcd_init
		_lcd_send
 This function uses a non-reentrant model


 *************** function _lcd_ioset *****************
 Defined at:
		line 84 in file "../LCD/LCD-PIC16.c"
 Parameters:    Size  Location     Type
  pin             1    wreg     enum E1012
  out             1    4[COMMON] unsigned char 
 Auto vars:     Size  Location     Type
  pin             1    5[COMMON] enum E1012
 Return value:  Size  Location     Type
		None               void
 Registers used:
		wreg, fsr0l, fsr0h, status,2, status,0
 Tracked objects:
		On entry : 
		On exit  : 
		Unchanged: 
 Data sizes:     COMMON   BANK0   BANK1   BANK3   BANK2
      Params:         1       0       0       0       0
      Locals:         1       0       0       0       0
      Temps:          0       0       0       0       0
      Totals:         2       0       0       0       0
Total ram usage:        2 bytes
 Hardware stack levels used:    1
 Hardware stack levels required when called:    2
 This function calls:
		Nothing
 This function is called by:
		_lcd_send
		_lcd_ioinit
		_lcd_iowrite4
 This function uses a non-reentrant model


 *************** function _lcd_iowrite8 *****************
 Defined at:
		line 141 in file "../LCD/LCD-PIC16.c"
 Parameters:    Size  Location     Type
  data            1    wreg     unsigned char 
 Auto vars:     Size  Location     Type
  data            1    0[COMMON] unsigned char 
 Return value:  Size  Location     Type
		None               void
 Registers used:
		wreg
 Tracked objects:
		On entry : 
		On exit  : 
		Unchanged: 
 Data sizes:     COMMON   BANK0   BANK1   BANK3   BANK2
      Params:         0       0       0       0       0
      Locals:         0       0       0       0       0
      Temps:          0       0       0       0       0
      Totals:         0       0       0       0       0
Total ram usage:        0 bytes
 Hardware stack levels used:    1
 Hardware stack levels required when called:    2
 This function calls:
		Nothing
 This function is called by:
		_lcd_send
 This function uses a non-reentrant model


 *************** function _isdigit *****************
 Defined at:
		line 13 in file "C:\Program Files (x86)\Microchip\xc8\v1.12\sources\isdigit.c"
 Parameters:    Size  Location     Type
  c               1    wreg     unsigned char 
 Auto vars:     Size  Location     Type
  c               1    5[COMMON] unsigned char 
 Return value:  Size  Location     Type
		None               void
 Registers used:
		wreg, status,2, status,0
 Tracked objects:
		On entry : 
		On exit  : 
		Unchanged: 
 Data sizes:     COMMON   BANK0   BANK1   BANK3   BANK2
      Params:         0       0       0       0       0
      Locals:         2       0       0       0       0
      Temps:          0       0       0       0       0
      Totals:         2       0       0       0       0
Total ram usage:        2 bytes
 Hardware stack levels used:    1
 Hardware stack levels required when called:    2
 This function calls:
		Nothing
 This function is called by:
		_sprintf
 This function uses a non-reentrant model


 *************** function ___wmul *****************
 Defined at:
		line 3 in file "C:\Program Files (x86)\Microchip\xc8\v1.12\sources\wmul.c"
 Parameters:    Size  Location     Type
  multiplier      2    0[BANK0 ] unsigned int 
  multiplicand    2    2[BANK0 ] unsigned int 
 Auto vars:     Size  Location     Type
  product         2    4[COMMON] unsigned int 
 Return value:  Size  Location     Type
                  2    0[BANK0 ] unsigned int 
 Registers used:
		wreg, status,2, status,0
 Tracked objects:
		On entry : 
		On exit  : 
		Unchanged: 
 Data sizes:     COMMON   BANK0   BANK1   BANK3   BANK2
      Params:         0       4       0       0       0
      Locals:         2       0       0       0       0
      Temps:          0       0       0       0       0
      Totals:         2       4       0       0       0
Total ram usage:        6 bytes
 Hardware stack levels used:    1
 Hardware stack levels required when called:    2
 This function calls:
		Nothing
 This function is called by:
		_sprintf
 This function uses a non-reentrant model


 *************** function ___lwdiv *****************
 Defined at:
		line 5 in file "C:\Program Files (x86)\Microchip\xc8\v1.12\sources\lwdiv.c"
 Parameters:    Size  Location     Type
  divisor         2    0[BANK0 ] unsigned int 
  dividend        2    2[BANK0 ] unsigned int 
 Auto vars:     Size  Location     Type
  quotient        2    5[BANK0 ] unsigned int 
  counter         1    4[BANK0 ] unsigned char 
 Return value:  Size  Location     Type
                  2    0[BANK0 ] unsigned int 
 Registers used:
		wreg, status,2, status,0
 Tracked objects:
		On entry : 
		On exit  : 
		Unchanged: 
 Data sizes:     COMMON   BANK0   BANK1   BANK3   BANK2
      Params:         0       4       0       0       0
      Locals:         0       3       0       0       0
      Temps:          1       0       0       0       0
      Totals:         1       7       0       0       0
Total ram usage:        8 bytes
 Hardware stack levels used:    1
 Hardware stack levels required when called:    2
 This function calls:
		Nothing
 This function is called by:
		_sprintf
 This function uses a non-reentrant model


 *************** function ___lwmod *****************
 Defined at:
		line 5 in file "C:\Program Files (x86)\Microchip\xc8\v1.12\sources\lwmod.c"
 Parameters:    Size  Location     Type
  divisor         2    7[BANK0 ] unsigned int 
  dividend        2    9[BANK0 ] unsigned int 
 Auto vars:     Size  Location     Type
  counter         1   11[BANK0 ] unsigned char 
 Return value:  Size  Location     Type
                  2    7[BANK0 ] unsigned int 
 Registers used:
		wreg, status,2, status,0
 Tracked objects:
		On entry : 
		On exit  : 
		Unchanged: 
 Data sizes:     COMMON   BANK0   BANK1   BANK3   BANK2
      Params:         0       4       0       0       0
      Locals:         0       1       0       0       0
      Temps:          1       0       0       0       0
      Totals:         1       5       0       0       0
Total ram usage:        6 bytes
 Hardware stack levels used:    1
 Hardware stack levels required when called:    2
 This function calls:
		Nothing
 This function is called by:
		_sprintf
 This function uses a non-reentrant model


 *************** function _isr *****************
 Defined at:
		line 102 in file "main.c"
 Parameters:    Size  Location     Type
		None
 Auto vars:     Size  Location     Type
		None
 Return value:  Size  Location     Type
		None               void
 Registers used:
		wreg, status,2, status,0, pclath, cstack
 Tracked objects:
		On entry : 
		On exit  : 
		Unchanged: 
 Data sizes:     COMMON   BANK0   BANK1   BANK3   BANK2
      Params:         0       0       0       0       0
      Locals:         0       0       0       0       0
      Temps:          4       0       0       0       0
      Totals:         4       0       0       0       0
Total ram usage:        4 bytes
 Hardware stack levels used:    1
 Hardware stack levels required when called:    1
 This function calls:
		_tick_update
 This function is called by:
		Interrupt level 1
 This function uses a non-reentrant model


 *************** function _tick_update *****************
 Defined at:
		line 48 in file "../Tick/Tick-PIC16.c"
 Parameters:    Size  Location     Type
		None
 Auto vars:     Size  Location     Type
		None
 Return value:  Size  Location     Type
		None               void
 Registers used:
		wreg
 Tracked objects:
		On entry : 
		On exit  : 
		Unchanged: 
 Data sizes:     COMMON   BANK0   BANK1   BANK3   BANK2
      Params:         0       0       0       0       0
      Locals:         0       0       0       0       0
      Temps:          0       0       0       0       0
      Totals:         0       0       0       0       0
Total ram usage:        0 bytes
 Hardware stack levels used:    1
 This function calls:
		Nothing
 This function is called by:
		_isr
 This function uses a non-reentrant model



MODULE INFORMATION

Module		Function		Class		Link	Load	Size
C:\Program Files (x86)\Microchip\xc8\v1.12\sources\doprnt.c
		_sprintf       		CODE           	0013	0000	583

C:\Program Files (x86)\Microchip\xc8\v1.12\sources\doprnt.c estimated size: 583

shared
		__stringtab    		STRING         	0500	0000	16
		__stringdata   		STRING         	051E	0000	62
		_rowaddr       		STRING         	051A	0000	4
		_dpowers       		STRING         	0510	0000	10
		__initializatio		CODE           	0FB6	0000	19

shared estimated size: 111

main.c
		_main          		CODE           	0740	0000	51
		_led_task      		CODE           	05AB	0000	77
		_dht11_task    		CODE           	0401	0000	168
		_isr           		CODE           	0F6D	0000	16

main.c estimated size: 312

../LCD/LCD-PIC16.c
		_lcd_ioset     		CODE           	05F8	0000	76
		_lcd_ioinit    		CODE           	079F	0000	43
		_lcd_iowrite4  		CODE           	0644	0000	70
		_lcd_iowrite8  		CODE           	0003	0000	1

../LCD/LCD-PIC16.c estimated size: 190

C:\Program Files (x86)\Microchip\xc8\v1.12\sources\wmul.c
		___wmul        		CODE           	0773	0000	44

C:\Program Files (x86)\Microchip\xc8\v1.12\sources\wmul.c estimated size: 44

C:\Program Files (x86)\Microchip\xc8\v1.12\sources\isdigit.c
		_isdigit       		CODE           	0F8D	0000	20

C:\Program Files (x86)\Microchip\xc8\v1.12\sources\isdigit.c estimated size: 20

C:\Program Files (x86)\Microchip\xc8\v1.12\sources\lwmod.c
		___lwmod       		CODE           	068A	0000	69

C:\Program Files (x86)\Microchip\xc8\v1.12\sources\lwmod.c estimated size: 69

../DHTLib.c
		_dhtlib_read   		CODE           	0332	0000	207
		_dhtlib_init   		CODE           	07FA	0000	4
		_dhtlib_start  		CODE           	0FE3	0000	29
		_dhtlib_read11 		CODE           	070A	0000	54

../DHTLib.c estimated size: 294

C:\Program Files (x86)\Microchip\xc8\v1.12\sources\lwdiv.c
		___lwdiv       		CODE           	055C	0000	79

C:\Program Files (x86)\Microchip\xc8\v1.12\sources\lwdiv.c estimated size: 79

../LCD/LCD.c
		_lcd_send      		CODE           	06CF	0000	59
		_lcd_puts      		CODE           	04A9	0000	38
		_lcd_goto      		CODE           	07CA	0000	40
		_lcd_on        		CODE           	0F7D	0000	16
		_lcd_init      		CODE           	025A	0000	216

../LCD/LCD.c estimated size: 369

../Tick/Tick-PIC16.c
		_tick_init     		CODE           	04F0	0000	16
		_tick_get      		CODE           	0FA1	0000	21
		_tick_read_inte		CODE           	04CF	0000	33
		_tick_update   		CODE           	0FCC	0000	23

../Tick/Tick-PIC16.c estimated size: 93

