Microchip MPLAB XC8 Compiler V1.21 ()

Linker command line:

--edf=/Applications/microchip/xc8/v1.21/dat/en_msgs.txt -cs \
  -h+dist/default/production/dhtlib-demo-pic16.X.production.sym \
  --cmf=dist/default/production/dhtlib-demo-pic16.X.production.cmf -z \
  -Q16F88 -o/tmp/cgtjJ2saA \
  -Mdist/default/production/dhtlib-demo-pic16.X.production.map -E1 -ver=XC8 \
  -ACONST=00h-0FFhx16 -ACODE=00h-07FFhx2 -ASTRCODE=00h-0FFFh \
  -AENTRY=00h-0FFhx16 -ASTRING=00h-0FFhx16 -ACOMMON=070h-07Fh \
  -ABANK0=020h-06Fh -ABANK1=0A0h-0EFh -ABANK2=0110h-016Fh \
  -ABANK3=0190h-01EFh -ARAM=020h-06Fh,0A0h-0EFh,0110h-016Fh,0190h-01EFh \
  -AABS1=020h-07Fh,0A0h-0EFh,0110h-016Fh,0190h-01EFh -ASFR0=00h-01Fh \
  -ASFR1=080h-09Fh -ASFR2=0100h-010Fh -ASFR3=0180h-018Fh \
  -preset_vec=00h,intentry=04h,init,end_init -ppowerup=CODE -pcinit=CODE \
  -pfunctab=CODE -ACONFIG=02007h-02008h -pconfig=CONFIG -DCONFIG=2 \
  -AIDLOC=02000h-02003h -pidloc=IDLOC -DIDLOC=2 -AEEDATA=00h-0FFh/02100h \
  -peeprom_data=EEDATA -DEEDATA=2 -DCODE=2 -DSTRCODE=2 -DSTRING=2 -DCONST=2 \
  -DENTRY=2 -k /tmp/cgtPbXnN3.obj \
  dist/default/production/dhtlib-demo-pic16.X.production.obj 

Object code version is 3.11

Machine type is 16F88



                Name                               Link     Load   Length Selector   Space Scale
/tmp/cgtPbXnN3.obj
                end_init                             11       11        2        8       0
                reset_vec                             0        0        2        0       0
                config                             2007     2007        2     400E       0
dist/default/production/dhtlib-demo-pic16.X.production.obj
                cinit                                13       13       15        8       0
                intentry                              4        4        D        8       0
                text25                              708      708       14      8DE       0
                text24                              750      750       10      8DE       0
                text23                              46F      46F       4A      8DE       0
                text22                              667      667       23      8DE       0
                text21                              542      542       3D      8DE       0
                text20                              77C      77C        1      8DE       0
                text19                              5B5      5B5       31      8DE       0
                text18                              216      216       CF        8       0
                text17                              740      740       10      8DE       0
                text16                              776      776        4      8DE       0
                text15                              72F      72F       11      8DE       0
                text14                              6CC      6CC       1F      8DE       0
                text13                              71C      71C       13      8DE       0
                text12                              4B9      4B9       49      8DE       0
                text11                              6AB      6AB       21      8DE       0
                text10                              68A      68A       21      8DE       0
                text9                               6EB      6EB       1D      8DE       0
                text8                               383      383       90        8       0
                text7                               5E6      5E6       30      8DE       0
                text6                               760      760        E      8DE       0
                text5                               502      502       40      8DE       0
                text4                               57F      57F       36      8DE       0
                text3                               642      642       25      8DE       0
                text2                                28       28      1EE        8       0
                text1                               2E5      2E5       9E        8       0
                maintext                            616      616       2C      8DE       0
                cstackBANK0                          48       48       25       20       1
                cstackCOMMON                         70       70        6       70       1
                cstackBANK1                          A0       A0        3       A0       1
                clrtext                             76E      76E        8      8DE       0
                dataBANK0                            6D       6D        2       20       1
                bssBANK0                             20       20       28       20       1
                bssCOMMON                            76       76        4       70       1
                nvBANK0                              6F       6F        1       20       1
                strings                             413      413       5C      826       0
                idataBANK0                          77A      77A        2      8DE       0

TOTAL           Name                               Link     Load   Length     Space
        CLASS   CONST          

        CLASS   CODE           
                end_init                             11       11        2         0
                cinit                                13       13       15         0
                intentry                              4        4        D         0
                reset_vec                             0        0        2         0
                text25                              708      708       14         0
                text24                              750      750       10         0
                text23                              46F      46F       4A         0
                text22                              667      667       23         0
                text21                              542      542       3D         0
                text20                              77C      77C        1         0
                text19                              5B5      5B5       31         0
                text18                              216      216       CF         0
                text17                              740      740       10         0
                text16                              776      776        4         0
                text15                              72F      72F       11         0
                text14                              6CC      6CC       1F         0
                text13                              71C      71C       13         0
                text12                              4B9      4B9       49         0
                text11                              6AB      6AB       21         0
                text10                              68A      68A       21         0
                text9                               6EB      6EB       1D         0
                text8                               383      383       90         0
                text7                               5E6      5E6       30         0
                text6                               760      760        E         0
                text5                               502      502       40         0
                text4                               57F      57F       36         0
                text3                               642      642       25         0
                text2                                28       28      1EE         0
                text1                               2E5      2E5       9E         0
                maintext                            616      616       2C         0
                clrtext                             76E      76E        8         0
                idataBANK0                          77A      77A        2         0

        CLASS   STRCODE        

        CLASS   ENTRY          

        CLASS   STRING         
                strings                             413      413       5C         0

        CLASS   COMMON         
                cstackCOMMON                         70       70        6         1
                bssCOMMON                            76       76        4         1

        CLASS   BANK0          
                cstackBANK0                          48       48       25         1
                dataBANK0                            6D       6D        2         1
                bssBANK0                             20       20       28         1
                nvBANK0                              6F       6F        1         1

        CLASS   BANK1          
                cstackBANK1                          A0       A0        3         1

        CLASS   BANK2          

        CLASS   BANK3          

        CLASS   RAM            

        CLASS   ABS1           
                abs_s1                               7E       7E        2         1

        CLASS   SFR0           

        CLASS   SFR1           

        CLASS   SFR2           

        CLASS   SFR3           

        CLASS   CONFIG         
                config                             2007     2007        2         0

        CLASS   IDLOC          

        CLASS   EEDATA         



SEGMENTS        Name                           Load    Length   Top    Selector   Space  Class     Delta

                reset_vec                      000000  000002  000002         0       0  CODE        2
                intentry                       000004  00040F  000413         8       0  CODE        2
                bssBANK0                       000020  000050  000070        20       1  BANK0       1
                cstackCOMMON                   000070  00000A  00007A        70       1  COMMON      1
                cstackBANK1                    0000A0  000003  0000A3        A0       1  BANK1       1
                strings                        000413  00005C  00046F       826       0  STRING      2
                text23                         00046F  00030E  00077D       8DE       0  CODE        2
                config                         002007  000002  002009      400E       0  CONFIG      2


UNUSED ADDRESS RANGES

        Name                Unused          Largest block    Delta
        BANK1            00A3-00EF             4D           1
        BANK2            0110-016F             60           1
        BANK3            0190-01EF             60           1
        CODE             0002-0003              2           2
                         077D-0FFF             83
        COMMON           007A-007D              4           1
        CONST            0002-0003              2           2
                         077D-0FFF            100
        EEDATA           2100-21FF            100           2
        ENTRY            0002-0003              2           2
                         077D-0FFF            100
        IDLOC            2000-2003              4           2
        RAM              00A3-00EF             4D           1
                         0110-016F             60
                         0190-01EF             60
        SFR0             0000-001F             20           1
        SFR1             0080-009F             20           1
        SFR2             0100-010F             10           1
        SFR3             0180-018F             10           1
        STRCODE          0002-0003              2           2
                         077D-0FFF            883
        STRING           0002-0003              2           2
                         077D-0FFF            100

                                  Symbol Table

?___lwdiv                    cstackBANK0  0048
?___lwmod                    cstackBANK0  004F
?___wmul                     cstackBANK0  0048
?_dhtlib_read11              cstackBANK0  004E
?_lcd_goto                   cstackBANK0  004F
?_lcd_init                   cstackBANK0  004F
?_lcd_ioset                  cstackCOMMON 0074
?_lcd_puts                   cstackBANK0  004F
?_lcd_send                   cstackBANK0  004C
?_sprintf                    cstackBANK0  0054
?_tick_get                   cstackBANK0  0048
_ANSEL                       (abs)        009B
_INTCONbits                  (abs)        000B
_OSCCON                      (abs)        008F
_PIE1bits                    (abs)        008C
_PIR1bits                    (abs)        000C
_PORTA                       (abs)        0005
_PORTAbits                   (abs)        0005
_PORTBbits                   (abs)        0006
_T1CON                       (abs)        0010
_TMR1H                       (abs)        000F
_TMR1L                       (abs)        000E
_TRISAbits                   (abs)        0085
_TRISBbits                   (abs)        0086
__CFG_BOREN$OFF              (abs)        0000
__CFG_CCPMX$RB0              (abs)        0000
__CFG_CP$OFF                 (abs)        0000
__CFG_CPD$OFF                (abs)        0000
__CFG_FCMEN$OFF              (abs)        0000
__CFG_FOSC$INTOSCIO          (abs)        0000
__CFG_IESO$OFF               (abs)        0000
__CFG_LVP$OFF                (abs)        0000
__CFG_MCLRE$ON               (abs)        0000
__CFG_PWRTE$OFF              (abs)        0000
__CFG_WDTE$OFF               (abs)        0000
__CFG_WRT$OFF                (abs)        0000
__Habs1                      abs1         0000
__Hbank0                     bank0        0000
__Hbank1                     bank1        0000
__Hbank2                     bank2        0000
__Hbank3                     bank3        0000
__HbssBANK0                  bssBANK0     0000
__HbssCOMMON                 bssCOMMON    0000
__Hcinit                     cinit        0028
__Hclrtext                   clrtext      0000
__Hcode                      code         0000
__Hcommon                    common       0000
__Hconfig                    config       2009
__HcstackBANK0               cstackBANK0  0000
__HcstackBANK1               cstackBANK1  0000
__HcstackCOMMON              cstackCOMMON 0000
__HdataBANK0                 dataBANK0    0000
__Heeprom_data               eeprom_data  0000
__Hend_init                  end_init     0013
__Hfunctab                   functab      0000
__HidataBANK0                idataBANK0   0000
__Hidloc                     idloc        0000
__Hinit                      init         0011
__Hintentry                  intentry     0011
__Hmaintext                  maintext     0000
__HnvBANK0                   nvBANK0      0000
__Hpowerup                   powerup      0000
__Hram                       ram          0000
__Hreset_vec                 reset_vec    0002
__Hsfr0                      sfr0         0000
__Hsfr1                      sfr1         0000
__Hsfr2                      sfr2         0000
__Hsfr3                      sfr3         0000
__Hstrings                   strings      0000
__Htext                      text         0000
__Labs1                      abs1         0000
__Lbank0                     bank0        0000
__Lbank1                     bank1        0000
__Lbank2                     bank2        0000
__Lbank3                     bank3        0000
__LbssBANK0                  bssBANK0     0000
__LbssCOMMON                 bssCOMMON    0000
__Lcinit                     cinit        0013
__Lclrtext                   clrtext      0000
__Lcode                      code         0000
__Lcommon                    common       0000
__Lconfig                    config       2007
__LcstackBANK0               cstackBANK0  0000
__LcstackBANK1               cstackBANK1  0000
__LcstackCOMMON              cstackCOMMON 0000
__LdataBANK0                 dataBANK0    0000
__Leeprom_data               eeprom_data  0000
__Lend_init                  end_init     0011
__Lfunctab                   functab      0000
__LidataBANK0                idataBANK0   0000
__Lidloc                     idloc        0000
__Linit                      init         0011
__Lintentry                  intentry     0004
__Lmaintext                  maintext     0000
__LnvBANK0                   nvBANK0      0000
__Lpowerup                   powerup      0000
__Lram                       ram          0000
__Lreset_vec                 reset_vec    0000
__Lsfr0                      sfr0         0000
__Lsfr1                      sfr1         0000
__Lsfr2                      sfr2         0000
__Lsfr3                      sfr3         0000
__Lstrings                   strings      0000
__Ltext                      text         0000
__S0                         (abs)        2009
__S1                         (abs)        00A3
__S3                         (abs)        0000
___latbits                   (abs)        0001
___lwdiv                     text5        0502
___lwdiv@counter             cstackBANK0  004C
___lwdiv@dividend            cstackBANK0  004A
___lwdiv@divisor             cstackBANK0  0048
___lwdiv@quotient            cstackBANK0  004D
___lwmod                     text4        057F
___lwmod@counter             cstackBANK0  0053
___lwmod@dividend            cstackBANK0  0051
___lwmod@divisor             cstackBANK0  004F
___wmul                      text3        0642
___wmul@multiplicand         cstackBANK0  004A
___wmul@multiplier           cstackBANK0  0048
___wmul@product              cstackCOMMON 0074
__end_of___lwdiv             text5        0542
__end_of___lwmod             text4        05B5
__end_of___wmul              text3        0667
__end_of__initialization     cinit        0025
__end_of__stringdata         strings      046F
__end_of__stringtab          strings      0423
__end_of_dht11_task          text1        0383
__end_of_dhtlib_init         text16       077A
__end_of_dhtlib_read         text8        0413
__end_of_dhtlib_read11       text7        0616
__end_of_dhtlib_start        text9        0708
__end_of_dpowers             strings      042D
__end_of_isdigit             text6        076E
__end_of_isr                 text24       0760
__end_of_lcd_goto            text10       06AB
__end_of_lcd_init            text18       02E5
__end_of_lcd_ioinit          text22       068A
__end_of_lcd_ioset           text23       04B9
__end_of_lcd_iowrite4        text21       057F
__end_of_lcd_iowrite8        text20       077D
__end_of_lcd_on              text15       0740
__end_of_lcd_puts            text11       06CC
__end_of_lcd_send            text19       05E6
__end_of_led_task            text12       0502
__end_of_main                maintext     0642
__end_of_rowaddr             strings      0431
__end_of_sprintf             text2        0216
__end_of_tick_get            text13       072F
__end_of_tick_init           text17       0750
__end_of_tick_read_internal  text14       06EB
__end_of_tick_update         text25       071C
__initialization             cinit        0013
__pbssBANK0                  bssBANK0     0020
__pbssCOMMON                 bssCOMMON    0076
__pcstackBANK0               cstackBANK0  0048
__pcstackBANK1               cstackBANK1  00A0
__pcstackCOMMON              cstackCOMMON 0070
__pdataBANK0                 dataBANK0    006D
__pidataBANK0                idataBANK0   077A
__pintentry                  intentry     0004
__pmaintext                  maintext     0616
__pnvBANK0                   nvBANK0      006F
__pstrings                   strings      0413
__ptext1                     text1        02E5
__ptext10                    text10       068A
__ptext11                    text11       06AB
__ptext12                    text12       04B9
__ptext13                    text13       071C
__ptext14                    text14       06CC
__ptext15                    text15       072F
__ptext16                    text16       0776
__ptext17                    text17       0740
__ptext18                    text18       0216
__ptext19                    text19       05B5
__ptext2                     text2        0028
__ptext20                    text20       077C
__ptext21                    text21       0542
__ptext22                    text22       0667
__ptext23                    text23       046F
__ptext24                    text24       0750
__ptext25                    text25       0708
__ptext3                     text3        0642
__ptext4                     text4        057F
__ptext5                     text5        0502
__ptext6                     text6        0760
__ptext7                     text7        05E6
__ptext8                     text8        0383
__ptext9                     text9        06EB
__size_of___lwdiv            (abs)        0000
__size_of___lwmod            (abs)        0000
__size_of___wmul             (abs)        0000
__size_of_dht11_task         (abs)        0000
__size_of_dhtlib_init        (abs)        0000
__size_of_dhtlib_read        (abs)        0000
__size_of_dhtlib_read11      (abs)        0000
__size_of_dhtlib_start       (abs)        0000
__size_of_isdigit            (abs)        0000
__size_of_isr                (abs)        0000
__size_of_lcd_goto           (abs)        0000
__size_of_lcd_init           (abs)        0000
__size_of_lcd_ioinit         (abs)        0000
__size_of_lcd_ioset          (abs)        0000
__size_of_lcd_iowrite4       (abs)        0000
__size_of_lcd_iowrite8       (abs)        0000
__size_of_lcd_on             (abs)        0000
__size_of_lcd_puts           (abs)        0000
__size_of_lcd_send           (abs)        0000
__size_of_led_task           (abs)        0000
__size_of_main               (abs)        0000
__size_of_sprintf            (abs)        0000
__size_of_tick_get           (abs)        0000
__size_of_tick_init          (abs)        0000
__size_of_tick_read_internal (abs)        0000
__size_of_tick_update        (abs)        0000
__stringbase                 strings      0422
__stringdata                 strings      0431
__stringtab                  strings      0413
_bits                        bssBANK0     0026
_buf                         bssBANK0     0034
_dht11_task                  text1        02E5
_dhtlib_init                 text16       0776
_dhtlib_read                 text8        0383
_dhtlib_read11               text7        05E6
_dhtlib_start                text9        06EB
_dispctrl                    bssBANK0     0033
_dpowers                     strings      0423
_iomode                      nvBANK0      006F
_isdigit                     text6        0760
_isdigit$715                 cstackCOMMON 0074
_isr                         text24       0750
_lcd_goto                    text10       068A
_lcd_init                    text18       0216
_lcd_ioinit                  text22       0667
_lcd_ioset                   text23       046F
_lcd_iowrite4                text21       0542
_lcd_iowrite8                text20       077C
_lcd_on                      text15       072F
_lcd_puts                    text11       06AB
_lcd_send                    text19       05B5
_lcdcolumns                  dataBANK0    006D
_lcdrows                     dataBANK0    006E
_led_task                    text12       04B9
_main                        maintext     0616
_rowaddr                     strings      042D
_sprintf                     text2        0028
_tick_get                    text13       071C
_tick_init                   text17       0740
_tick_read_internal          text14       06CC
_tick_update                 text25       0708
_tickbuffer                  bssBANK0     0020
_tickcnt                     bssCOMMON    0076
btemp                        (abs)        007E
clear_ram0                   clrtext      076E
dht11_task@eResult           cstackBANK1  00A0
dht11_task@hb                cstackBANK1  00A2
dht11_task@ltick             bssBANK0     002B
dht11_task@tb                cstackBANK1  00A1
dhtlib_read11@chksum         cstackBANK0  0053
dhtlib_read11@hum            cstackBANK0  004E
dhtlib_read11@s              cstackBANK0  0054
dhtlib_read11@temp           cstackBANK0  0052
dhtlib_read@aindex           cstackBANK0  004A
dhtlib_read@bcount           cstackBANK0  004B
dhtlib_read@i                cstackBANK0  004D
dhtlib_read@tocounter        cstackBANK0  004C
end_of_initialization        cinit        0025
interrupt_function           intentry     0004
intlevel0                    functab      0000
intlevel1                    functab      0000
intlevel2                    functab      0000
intlevel3                    functab      0000
intlevel4                    functab      0000
intlevel5                    functab      0000
isdigit@c                    cstackCOMMON 0075
lcd_goto@col                 cstackBANK0  0051
lcd_goto@row                 cstackBANK0  004F
lcd_init@cols                cstackBANK0  004F
lcd_init@iodata              cstackBANK0  0053
lcd_init@rows                cstackBANK0  0050
lcd_ioinit@i                 cstackBANK0  0049
lcd_ioset@out                cstackCOMMON 0074
lcd_ioset@pin                cstackCOMMON 0075
lcd_iowrite4@data            cstackBANK0  004A
lcd_iowrite4@i               cstackBANK0  004B
lcd_puts@string              cstackBANK0  004F
lcd_send@data                cstackBANK0  004E
lcd_send@rs                  cstackBANK0  004C
led_task@ltime               bssBANK0     002F
reset_vec                    reset_vec    0000
saved_w                      (abs)        007E
sprintf@_val                 cstackBANK0  0062
sprintf@ap                   cstackBANK0  005C
sprintf@c                    cstackBANK0  0065
sprintf@f                    cstackBANK0  0054
sprintf@flag                 cstackBANK0  005E
sprintf@prec                 cstackBANK0  005D
sprintf@sp                   cstackBANK0  005F
sprintf@width                cstackBANK0  0060
start                        init         0011
start_initialization         cinit        0013
wtemp0                       (abs)        007E


FUNCTION INFORMATION:

 *************** function _main *****************
 Defined at:
		line 40 in file "main.c"
 Parameters:    Size  Location     Type
		None
 Auto vars:     Size  Location     Type
		None
 Return value:  Size  Location     Type
		None               void
 Registers used:
		wreg, fsr0l, fsr0h, fsr1l, fsr1h, fsr1l, fsr1h, status,2, status,0, btemp+1, pclath, cstack
 Tracked objects:
		On entry : 
		On exit  : 
		Unchanged: 
 Data sizes:     COMMON   BANK0   BANK1   BANK3   BANK2
      Params:         0       0       0       0       0
      Locals:         0       0       0       0       0
      Temps:          0       2       0       0       0
      Totals:         0       2       0       0       0
Total ram usage:        2 bytes
 Hardware stack levels required when called:    7
 This function calls:
		_lcd_init
		_tick_init
		_dhtlib_init
		_lcd_on
		_lcd_puts
		_led_task
		_dht11_task
 This function is called by:
		Startup code after reset
 This function uses a non-reentrant model


 *************** function _dht11_task *****************
 Defined at:
		line 67 in file "main.c"
 Parameters:    Size  Location     Type
		None
 Auto vars:     Size  Location     Type
  eResult         1    0[BANK1 ] enum E1128
  hb              1    2[BANK1 ] unsigned char 
  tb              1    1[BANK1 ] unsigned char 
 Return value:  Size  Location     Type
		None               void
 Registers used:
		wreg, fsr0l, fsr0h, fsr1l, fsr1h, fsr1l, fsr1h, status,2, status,0, btemp+1, pclath, cstack
 Tracked objects:
		On entry : 
		On exit  : 
		Unchanged: 
 Data sizes:     COMMON   BANK0   BANK1   BANK3   BANK2
      Params:         0       0       0       0       0
      Locals:         0       0       3       0       0
      Temps:          0       5       0       0       0
      Totals:         0       5       3       0       0
Total ram usage:        8 bytes
 Hardware stack levels used:    1
 Hardware stack levels required when called:    6
 This function calls:
		_lcd_puts
		_tick_get
		_lcd_goto
		_dhtlib_read11
		_sprintf
 This function is called by:
		_main
 This function uses a non-reentrant model


 *************** function _sprintf *****************
 Defined at:
		line 493 in file "/Applications/microchip/xc8/v1.21/sources/common/doprnt.c"
 Parameters:    Size  Location     Type
  sp              1    wreg     PTR unsigned char 
		 -> buf(20), 
  f               1   12[BANK0 ] PTR const unsigned char 
		 -> STR_3(23), STR_2(22), 
 Auto vars:     Size  Location     Type
  sp              1   23[BANK0 ] PTR unsigned char 
		 -> buf(20), 
  _val            3   26[BANK0 ] struct .
  width           2   24[BANK0 ] int 
  c               1   29[BANK0 ] char 
  flag            1   22[BANK0 ] unsigned char 
  prec            1   21[BANK0 ] char 
  ap              1   20[BANK0 ] PTR void [1]
		 -> ?_sprintf(2), 
 Return value:  Size  Location     Type
                  2   12[BANK0 ] int 
 Registers used:
		wreg, fsr0l, fsr0h, status,2, status,0, btemp+1, pclath, cstack
 Tracked objects:
		On entry : 
		On exit  : 
		Unchanged: 
 Data sizes:     COMMON   BANK0   BANK1   BANK3   BANK2
      Params:         0       5       0       0       0
      Locals:         0      10       0       0       0
      Temps:          0       3       0       0       0
      Totals:         0      18       0       0       0
Total ram usage:       18 bytes
 Hardware stack levels used:    1
 Hardware stack levels required when called:    3
 This function calls:
		_isdigit
		___lwdiv
		___lwmod
		___wmul
 This function is called by:
		_dht11_task
 This function uses a non-reentrant model


 *************** function ___wmul *****************
 Defined at:
		line 3 in file "/Applications/microchip/xc8/v1.21/sources/pic/wmul.c"
 Parameters:    Size  Location     Type
  multiplier      2    0[BANK0 ] unsigned int 
  multiplicand    2    2[BANK0 ] unsigned int 
 Auto vars:     Size  Location     Type
  product         2    4[COMMON] unsigned int 
 Return value:  Size  Location     Type
                  2    0[BANK0 ] unsigned int 
 Registers used:
		wreg, status,2, status,0
 Tracked objects:
		On entry : 
		On exit  : 
		Unchanged: 
 Data sizes:     COMMON   BANK0   BANK1   BANK3   BANK2
      Params:         0       4       0       0       0
      Locals:         2       0       0       0       0
      Temps:          0       0       0       0       0
      Totals:         2       4       0       0       0
Total ram usage:        6 bytes
 Hardware stack levels used:    1
 Hardware stack levels required when called:    2
 This function calls:
		Nothing
 This function is called by:
		_sprintf
 This function uses a non-reentrant model


 *************** function ___lwmod *****************
 Defined at:
		line 5 in file "/Applications/microchip/xc8/v1.21/sources/pic/lwmod.c"
 Parameters:    Size  Location     Type
  divisor         2    7[BANK0 ] unsigned int 
  dividend        2    9[BANK0 ] unsigned int 
 Auto vars:     Size  Location     Type
  counter         1   11[BANK0 ] unsigned char 
 Return value:  Size  Location     Type
                  2    7[BANK0 ] unsigned int 
 Registers used:
		wreg, status,2, status,0
 Tracked objects:
		On entry : 
		On exit  : 
		Unchanged: 
 Data sizes:     COMMON   BANK0   BANK1   BANK3   BANK2
      Params:         0       4       0       0       0
      Locals:         0       1       0       0       0
      Temps:          1       0       0       0       0
      Totals:         1       5       0       0       0
Total ram usage:        6 bytes
 Hardware stack levels used:    1
 Hardware stack levels required when called:    2
 This function calls:
		Nothing
 This function is called by:
		_sprintf
 This function uses a non-reentrant model


 *************** function ___lwdiv *****************
 Defined at:
		line 5 in file "/Applications/microchip/xc8/v1.21/sources/pic/lwdiv.c"
 Parameters:    Size  Location     Type
  divisor         2    0[BANK0 ] unsigned int 
  dividend        2    2[BANK0 ] unsigned int 
 Auto vars:     Size  Location     Type
  quotient        2    5[BANK0 ] unsigned int 
  counter         1    4[BANK0 ] unsigned char 
 Return value:  Size  Location     Type
                  2    0[BANK0 ] unsigned int 
 Registers used:
		wreg, status,2, status,0
 Tracked objects:
		On entry : 
		On exit  : 
		Unchanged: 
 Data sizes:     COMMON   BANK0   BANK1   BANK3   BANK2
      Params:         0       4       0       0       0
      Locals:         0       3       0       0       0
      Temps:          1       0       0       0       0
      Totals:         1       7       0       0       0
Total ram usage:        8 bytes
 Hardware stack levels used:    1
 Hardware stack levels required when called:    2
 This function calls:
		Nothing
 This function is called by:
		_sprintf
 This function uses a non-reentrant model


 *************** function _isdigit *****************
 Defined at:
		line 13 in file "/Applications/microchip/xc8/v1.21/sources/common/isdigit.c"
 Parameters:    Size  Location     Type
  c               1    wreg     unsigned char 
 Auto vars:     Size  Location     Type
  c               1    5[COMMON] unsigned char 
 Return value:  Size  Location     Type
		None               void
 Registers used:
		wreg, status,2, status,0
 Tracked objects:
		On entry : 
		On exit  : 
		Unchanged: 
 Data sizes:     COMMON   BANK0   BANK1   BANK3   BANK2
      Params:         0       0       0       0       0
      Locals:         2       0       0       0       0
      Temps:          0       0       0       0       0
      Totals:         2       0       0       0       0
Total ram usage:        2 bytes
 Hardware stack levels used:    1
 Hardware stack levels required when called:    2
 This function calls:
		Nothing
 This function is called by:
		_sprintf
 This function uses a non-reentrant model


 *************** function _dhtlib_read11 *****************
 Defined at:
		line 113 in file "../DHTLib.c"
 Parameters:    Size  Location     Type
  temp            1    wreg     PTR unsigned char 
		 -> dht11_task@tb(1), 
  hum             1    6[BANK0 ] PTR unsigned char 
		 -> dht11_task@hb(1), 
 Auto vars:     Size  Location     Type
  temp            1   10[BANK0 ] PTR unsigned char 
		 -> dht11_task@tb(1), 
  s               1   12[BANK0 ] enum E1000
  chksum          1   11[BANK0 ] unsigned char 
 Return value:  Size  Location     Type
                  1    wreg      enum E1128
 Registers used:
		wreg, fsr0l, fsr0h, status,2, status,0, pclath, cstack
 Tracked objects:
		On entry : 
		On exit  : 
		Unchanged: 
 Data sizes:     COMMON   BANK0   BANK1   BANK3   BANK2
      Params:         0       1       0       0       0
      Locals:         0       3       0       0       0
      Temps:          0       3       0       0       0
      Totals:         0       7       0       0       0
Total ram usage:        7 bytes
 Hardware stack levels used:    1
 Hardware stack levels required when called:    4
 This function calls:
		_dhtlib_read
 This function is called by:
		_dht11_task
 This function uses a non-reentrant model


 *************** function _dhtlib_read *****************
 Defined at:
		line 40 in file "../DHTLib.c"
 Parameters:    Size  Location     Type
		None
 Auto vars:     Size  Location     Type
  i               1    5[BANK0 ] unsigned char 
  tocounter       1    4[BANK0 ] unsigned char 
  bcount          1    3[BANK0 ] unsigned char 
  aindex          1    2[BANK0 ] unsigned char 
 Return value:  Size  Location     Type
                  1    wreg      enum E1000
 Registers used:
		wreg, fsr0l, fsr0h, status,2, status,0, pclath, cstack
 Tracked objects:
		On entry : 
		On exit  : 
		Unchanged: 
 Data sizes:     COMMON   BANK0   BANK1   BANK3   BANK2
      Params:         0       0       0       0       0
      Locals:         0       4       0       0       0
      Temps:          0       2       0       0       0
      Totals:         0       6       0       0       0
Total ram usage:        6 bytes
 Hardware stack levels used:    1
 Hardware stack levels required when called:    3
 This function calls:
		_dhtlib_start
 This function is called by:
		_dhtlib_read11
		_dhtlib_read22
		_dhtlib_float22
 This function uses a non-reentrant model


 *************** function _dhtlib_start *****************
 Defined at:
		line 179 in file "../DHTLib.c"
 Parameters:    Size  Location     Type
		None
 Auto vars:     Size  Location     Type
		None
 Return value:  Size  Location     Type
		None               void
 Registers used:
		wreg
 Tracked objects:
		On entry : 
		On exit  : 
		Unchanged: 
 Data sizes:     COMMON   BANK0   BANK1   BANK3   BANK2
      Params:         0       0       0       0       0
      Locals:         0       0       0       0       0
      Temps:          2       0       0       0       0
      Totals:         2       0       0       0       0
Total ram usage:        2 bytes
 Hardware stack levels used:    1
 Hardware stack levels required when called:    2
 This function calls:
		Nothing
 This function is called by:
		_dhtlib_read
 This function uses a non-reentrant model


 *************** function _lcd_goto *****************
 Defined at:
		line 148 in file "../LCD/LCD.c"
 Parameters:    Size  Location     Type
  col             1    wreg     unsigned char 
  row             1    7[BANK0 ] unsigned char 
 Auto vars:     Size  Location     Type
  col             1    9[BANK0 ] unsigned char 
 Return value:  Size  Location     Type
		None               void
 Registers used:
		wreg, fsr0l, fsr0h, status,2, status,0, pclath, cstack
 Tracked objects:
		On entry : 
		On exit  : 
		Unchanged: 
 Data sizes:     COMMON   BANK0   BANK1   BANK3   BANK2
      Params:         0       1       0       0       0
      Locals:         0       1       0       0       0
      Temps:          0       1       0       0       0
      Totals:         0       3       0       0       0
Total ram usage:        3 bytes
 Hardware stack levels used:    1
 Hardware stack levels required when called:    5
 This function calls:
		_lcd_send
 This function is called by:
		_dht11_task
 This function uses a non-reentrant model


 *************** function _lcd_puts *****************
 Defined at:
		line 177 in file "../LCD/LCD.c"
 Parameters:    Size  Location     Type
  string          2    7[BANK0 ] PTR const unsigned char 
		 -> buf(20), STR_1(17), 
 Auto vars:     Size  Location     Type
		None
 Return value:  Size  Location     Type
		None               void
 Registers used:
		wreg, fsr0l, fsr0h, status,2, status,0, btemp+1, pclath, cstack
 Tracked objects:
		On entry : 
		On exit  : 
		Unchanged: 
 Data sizes:     COMMON   BANK0   BANK1   BANK3   BANK2
      Params:         0       2       0       0       0
      Locals:         0       0       0       0       0
      Temps:          0       0       0       0       0
      Totals:         0       2       0       0       0
Total ram usage:        2 bytes
 Hardware stack levels used:    1
 Hardware stack levels required when called:    5
 This function calls:
		_lcd_send
 This function is called by:
		_main
		_dht11_task
 This function uses a non-reentrant model


 *************** function _led_task *****************
 Defined at:
		line 94 in file "main.c"
 Parameters:    Size  Location     Type
		None
 Auto vars:     Size  Location     Type
		None
 Return value:  Size  Location     Type
		None               void
 Registers used:
		wreg, fsr0l, fsr0h, status,2, status,0, pclath, cstack
 Tracked objects:
		On entry : 
		On exit  : 
		Unchanged: 
 Data sizes:     COMMON   BANK0   BANK1   BANK3   BANK2
      Params:         0       0       0       0       0
      Locals:         0       0       0       0       0
      Temps:          0       4       0       0       0
      Totals:         0       4       0       0       0
Total ram usage:        4 bytes
 Hardware stack levels used:    1
 Hardware stack levels required when called:    4
 This function calls:
		_tick_get
 This function is called by:
		_main
 This function uses a non-reentrant model


 *************** function _tick_get *****************
 Defined at:
		line 42 in file "../Tick/Tick-PIC16.c"
 Parameters:    Size  Location     Type
		None
 Auto vars:     Size  Location     Type
		None
 Return value:  Size  Location     Type
                  4    0[BANK0 ] unsigned long 
 Registers used:
		wreg, fsr0l, fsr0h, status,2, status,0, pclath, cstack
 Tracked objects:
		On entry : 
		On exit  : 
		Unchanged: 
 Data sizes:     COMMON   BANK0   BANK1   BANK3   BANK2
      Params:         0       4       0       0       0
      Locals:         0       0       0       0       0
      Temps:          0       0       0       0       0
      Totals:         0       4       0       0       0
Total ram usage:        4 bytes
 Hardware stack levels used:    1
 Hardware stack levels required when called:    3
 This function calls:
		_tick_read_internal
 This function is called by:
		_dht11_task
		_led_task
 This function uses a non-reentrant model


 *************** function _tick_read_internal *****************
 Defined at:
		line 56 in file "../Tick/Tick-PIC16.c"
 Parameters:    Size  Location     Type
		None
 Auto vars:     Size  Location     Type
		None
 Return value:  Size  Location     Type
		None               void
 Registers used:
		wreg
 Tracked objects:
		On entry : 
		On exit  : 
		Unchanged: 
 Data sizes:     COMMON   BANK0   BANK1   BANK3   BANK2
      Params:         0       0       0       0       0
      Locals:         0       0       0       0       0
      Temps:          1       0       0       0       0
      Totals:         1       0       0       0       0
Total ram usage:        1 bytes
 Hardware stack levels used:    1
 Hardware stack levels required when called:    2
 This function calls:
		Nothing
 This function is called by:
		_tick_get
 This function uses a non-reentrant model


 *************** function _lcd_on *****************
 Defined at:
		line 90 in file "../LCD/LCD.c"
 Parameters:    Size  Location     Type
		None
 Auto vars:     Size  Location     Type
		None
 Return value:  Size  Location     Type
		None               void
 Registers used:
		wreg, fsr0l, fsr0h, status,2, status,0, pclath, cstack
 Tracked objects:
		On entry : 
		On exit  : 
		Unchanged: 
 Data sizes:     COMMON   BANK0   BANK1   BANK3   BANK2
      Params:         0       0       0       0       0
      Locals:         0       0       0       0       0
      Temps:          0       1       0       0       0
      Totals:         0       1       0       0       0
Total ram usage:        1 bytes
 Hardware stack levels used:    1
 Hardware stack levels required when called:    5
 This function calls:
		_lcd_send
 This function is called by:
		_main
 This function uses a non-reentrant model


 *************** function _dhtlib_init *****************
 Defined at:
		line 34 in file "../DHTLib.c"
 Parameters:    Size  Location     Type
		None
 Auto vars:     Size  Location     Type
		None
 Return value:  Size  Location     Type
		None               void
 Registers used:
		None
 Tracked objects:
		On entry : 
		On exit  : 
		Unchanged: 
 Data sizes:     COMMON   BANK0   BANK1   BANK3   BANK2
      Params:         0       0       0       0       0
      Locals:         0       0       0       0       0
      Temps:          0       0       0       0       0
      Totals:         0       0       0       0       0
Total ram usage:        0 bytes
 Hardware stack levels used:    1
 Hardware stack levels required when called:    2
 This function calls:
		Nothing
 This function is called by:
		_main
 This function uses a non-reentrant model


 *************** function _tick_init *****************
 Defined at:
		line 28 in file "../Tick/Tick-PIC16.c"
 Parameters:    Size  Location     Type
		None
 Auto vars:     Size  Location     Type
		None
 Return value:  Size  Location     Type
		None               void
 Registers used:
		wreg, status,2
 Tracked objects:
		On entry : 
		On exit  : 
		Unchanged: 
 Data sizes:     COMMON   BANK0   BANK1   BANK3   BANK2
      Params:         0       0       0       0       0
      Locals:         0       0       0       0       0
      Temps:          0       0       0       0       0
      Totals:         0       0       0       0       0
Total ram usage:        0 bytes
 Hardware stack levels used:    1
 Hardware stack levels required when called:    2
 This function calls:
		Nothing
 This function is called by:
		_main
 This function uses a non-reentrant model


 *************** function _lcd_init *****************
 Defined at:
		line 32 in file "../LCD/LCD.c"
 Parameters:    Size  Location     Type
  iodata          1    wreg     PTR void 
		 -> NULL(0), 
  cols            1    7[BANK0 ] unsigned char 
  rows            1    8[BANK0 ] unsigned char 
 Auto vars:     Size  Location     Type
  iodata          1   11[BANK0 ] PTR void 
		 -> NULL(0), 
 Return value:  Size  Location     Type
                  1    wreg      unsigned char 
 Registers used:
		wreg, fsr0l, fsr0h, status,2, status,0, pclath, cstack
 Tracked objects:
		On entry : 
		On exit  : 
		Unchanged: 
 Data sizes:     COMMON   BANK0   BANK1   BANK3   BANK2
      Params:         0       2       0       0       0
      Locals:         0       1       0       0       0
      Temps:          0       2       0       0       0
      Totals:         0       5       0       0       0
Total ram usage:        5 bytes
 Hardware stack levels used:    1
 Hardware stack levels required when called:    5
 This function calls:
		_lcd_ioinit
		_lcd_iowrite4
		_lcd_send
 This function is called by:
		_main
 This function uses a non-reentrant model


 *************** function _lcd_send *****************
 Defined at:
		line 159 in file "../LCD/LCD.c"
 Parameters:    Size  Location     Type
  data            1    wreg     unsigned char 
  rs              1    4[BANK0 ] unsigned char 
 Auto vars:     Size  Location     Type
  data            1    6[BANK0 ] unsigned char 
 Return value:  Size  Location     Type
		None               void
 Registers used:
		wreg, fsr0l, fsr0h, status,2, status,0, pclath, cstack
 Tracked objects:
		On entry : 
		On exit  : 
		Unchanged: 
 Data sizes:     COMMON   BANK0   BANK1   BANK3   BANK2
      Params:         0       1       0       0       0
      Locals:         0       1       0       0       0
      Temps:          0       1       0       0       0
      Totals:         0       3       0       0       0
Total ram usage:        3 bytes
 Hardware stack levels used:    1
 Hardware stack levels required when called:    4
 This function calls:
		_lcd_iowrite4
		_lcd_ioset
		_lcd_iowrite8
 This function is called by:
		_lcd_init
		_lcd_on
		_lcd_goto
		_lcd_puts
		_lcd_clear
		_lcd_home
		_lcd_off
		_lcd_cursor
		_lcd_cursor_left
		_lcd_cursor_right
		_lcd_scroll_left
		_lcd_scroll_right
		_lcd_autoscroll_on
		_lcd_autoscroll_off
		_lcd_create_char
 This function uses a non-reentrant model


 *************** function _lcd_iowrite8 *****************
 Defined at:
		line 141 in file "../LCD/LCD-PIC16.c"
 Parameters:    Size  Location     Type
  data            1    wreg     unsigned char 
 Auto vars:     Size  Location     Type
  data            1    0[COMMON] unsigned char 
 Return value:  Size  Location     Type
		None               void
 Registers used:
		wreg
 Tracked objects:
		On entry : 
		On exit  : 
		Unchanged: 
 Data sizes:     COMMON   BANK0   BANK1   BANK3   BANK2
      Params:         0       0       0       0       0
      Locals:         0       0       0       0       0
      Temps:          0       0       0       0       0
      Totals:         0       0       0       0       0
Total ram usage:        0 bytes
 Hardware stack levels used:    1
 Hardware stack levels required when called:    2
 This function calls:
		Nothing
 This function is called by:
		_lcd_send
 This function uses a non-reentrant model


 *************** function _lcd_iowrite4 *****************
 Defined at:
		line 127 in file "../LCD/LCD-PIC16.c"
 Parameters:    Size  Location     Type
  data            1    wreg     unsigned char 
 Auto vars:     Size  Location     Type
  data            1    2[BANK0 ] unsigned char 
  i               1    3[BANK0 ] unsigned char 
 Return value:  Size  Location     Type
		None               void
 Registers used:
		wreg, fsr0l, fsr0h, status,2, status,0, pclath, cstack
 Tracked objects:
		On entry : 
		On exit  : 
		Unchanged: 
 Data sizes:     COMMON   BANK0   BANK1   BANK3   BANK2
      Params:         0       0       0       0       0
      Locals:         0       2       0       0       0
      Temps:          0       2       0       0       0
      Totals:         0       4       0       0       0
Total ram usage:        4 bytes
 Hardware stack levels used:    1
 Hardware stack levels required when called:    3
 This function calls:
		_lcd_ioset
 This function is called by:
		_lcd_init
		_lcd_send
 This function uses a non-reentrant model


 *************** function _lcd_ioinit *****************
 Defined at:
		line 46 in file "../LCD/LCD-PIC16.c"
 Parameters:    Size  Location     Type
  iodata          1    wreg     PTR void 
		 -> NULL(0), 
 Auto vars:     Size  Location     Type
  iodata          1    0[COMMON] PTR void 
		 -> NULL(0), 
  i               1    1[BANK0 ] unsigned char 
 Return value:  Size  Location     Type
                  1    wreg      unsigned char 
 Registers used:
		wreg, fsr0l, fsr0h, status,2, status,0, pclath, cstack
 Tracked objects:
		On entry : 
		On exit  : 
		Unchanged: 
 Data sizes:     COMMON   BANK0   BANK1   BANK3   BANK2
      Params:         0       0       0       0       0
      Locals:         0       1       0       0       0
      Temps:          0       1       0       0       0
      Totals:         0       2       0       0       0
Total ram usage:        2 bytes
 Hardware stack levels used:    1
 Hardware stack levels required when called:    3
 This function calls:
		_lcd_ioset
 This function is called by:
		_lcd_init
 This function uses a non-reentrant model


 *************** function _lcd_ioset *****************
 Defined at:
		line 84 in file "../LCD/LCD-PIC16.c"
 Parameters:    Size  Location     Type
  pin             1    wreg     enum E1012
  out             1    4[COMMON] unsigned char 
 Auto vars:     Size  Location     Type
  pin             1    5[COMMON] enum E1012
 Return value:  Size  Location     Type
		None               void
 Registers used:
		wreg, fsr0l, fsr0h, status,2, status,0
 Tracked objects:
		On entry : 
		On exit  : 
		Unchanged: 
 Data sizes:     COMMON   BANK0   BANK1   BANK3   BANK2
      Params:         1       0       0       0       0
      Locals:         1       0       0       0       0
      Temps:          0       0       0       0       0
      Totals:         2       0       0       0       0
Total ram usage:        2 bytes
 Hardware stack levels used:    1
 Hardware stack levels required when called:    2
 This function calls:
		Nothing
 This function is called by:
		_lcd_send
		_lcd_ioinit
		_lcd_iowrite4
 This function uses a non-reentrant model


 *************** function _isr *****************
 Defined at:
		line 110 in file "main.c"
 Parameters:    Size  Location     Type
		None
 Auto vars:     Size  Location     Type
		None
 Return value:  Size  Location     Type
		None               void
 Registers used:
		wreg, status,2, status,0, pclath, cstack
 Tracked objects:
		On entry : 
		On exit  : 
		Unchanged: 
 Data sizes:     COMMON   BANK0   BANK1   BANK3   BANK2
      Params:         0       0       0       0       0
      Locals:         0       0       0       0       0
      Temps:          4       0       0       0       0
      Totals:         4       0       0       0       0
Total ram usage:        4 bytes
 Hardware stack levels used:    1
 Hardware stack levels required when called:    1
 This function calls:
		_tick_update
 This function is called by:
		Interrupt level 1
 This function uses a non-reentrant model


 *************** function _tick_update *****************
 Defined at:
		line 48 in file "../Tick/Tick-PIC16.c"
 Parameters:    Size  Location     Type
		None
 Auto vars:     Size  Location     Type
		None
 Return value:  Size  Location     Type
		None               void
 Registers used:
		wreg
 Tracked objects:
		On entry : 
		On exit  : 
		Unchanged: 
 Data sizes:     COMMON   BANK0   BANK1   BANK3   BANK2
      Params:         0       0       0       0       0
      Locals:         0       0       0       0       0
      Temps:          0       0       0       0       0
      Totals:         0       0       0       0       0
Total ram usage:        0 bytes
 Hardware stack levels used:    1
 This function calls:
		Nothing
 This function is called by:
		_isr
 This function uses a non-reentrant model



MODULE INFORMATION

Module		Function		Class		Link	Load	Size
/Applications/microchip/xc8/v1.21/sources/common/isdigit.c
		_isdigit       		CODE           	0760	0000	14

/Applications/microchip/xc8/v1.21/sources/common/isdigit.c estimated size: 14

/Applications/microchip/xc8/v1.21/sources/pic/lwmod.c
		___lwmod       		CODE           	057F	0000	54

/Applications/microchip/xc8/v1.21/sources/pic/lwmod.c estimated size: 54

/Applications/microchip/xc8/v1.21/sources/pic/lwdiv.c
		___lwdiv       		CODE           	0502	0000	64

/Applications/microchip/xc8/v1.21/sources/pic/lwdiv.c estimated size: 64

shared
		__stringtab    		STRING         	0413	0000	16
		__stringdata   		STRING         	0431	0000	62
		_rowaddr       		STRING         	042D	0000	4
		_dpowers       		STRING         	0423	0000	10
		__initializatio		CODE           	0013	0000	18

shared estimated size: 110

main.c
		_main          		CODE           	0616	0000	44
		_led_task      		CODE           	04B9	0000	73
		_dht11_task    		CODE           	02E5	0000	158
		_isr           		CODE           	0750	0000	16

main.c estimated size: 291

../LCD/LCD-PIC16.c
		_lcd_ioset     		CODE           	046F	0000	74
		_lcd_ioinit    		CODE           	0667	0000	35
		_lcd_iowrite4  		CODE           	0542	0000	61
		_lcd_iowrite8  		CODE           	077C	0000	1

../LCD/LCD-PIC16.c estimated size: 171

../DHTLib.c
		_dhtlib_read   		CODE           	0383	0000	144
		_dhtlib_init   		CODE           	0776	0000	4
		_dhtlib_start  		CODE           	06EB	0000	29
		_dhtlib_read11 		CODE           	05E6	0000	48

../DHTLib.c estimated size: 225

/Applications/microchip/xc8/v1.21/sources/common/doprnt.c
		_sprintf       		CODE           	0028	0000	494

/Applications/microchip/xc8/v1.21/sources/common/doprnt.c estimated size: 494

/Applications/microchip/xc8/v1.21/sources/pic/wmul.c
		___wmul        		CODE           	0642	0000	37

/Applications/microchip/xc8/v1.21/sources/pic/wmul.c estimated size: 37

../LCD/LCD.c
		_lcd_send      		CODE           	05B5	0000	49
		_lcd_puts      		CODE           	06AB	0000	33
		_lcd_goto      		CODE           	068A	0000	33
		_lcd_on        		CODE           	072F	0000	17
		_lcd_init      		CODE           	0216	0000	207

../LCD/LCD.c estimated size: 339

../Tick/Tick-PIC16.c
		_tick_init     		CODE           	0740	0000	16
		_tick_get      		CODE           	071C	0000	19
		_tick_read_inte		CODE           	06CC	0000	31
		_tick_update   		CODE           	0708	0000	20

../Tick/Tick-PIC16.c estimated size: 86

